Archive member included to satisfy reference by file (symbol)

app/libapp.a(main.c.obj)      (--whole-archive)
zephyr/libzephyr.a(cbprintf_packaged.c.obj)
                              (--whole-archive)
zephyr/libzephyr.a(crc32c_sw.c.obj)
                              (--whole-archive)
zephyr/libzephyr.a(crc32_sw.c.obj)
                              (--whole-archive)
zephyr/libzephyr.a(crc16_sw.c.obj)
                              (--whole-archive)
zephyr/libzephyr.a(crc8_sw.c.obj)
                              (--whole-archive)
zephyr/libzephyr.a(crc7_sw.c.obj)
                              (--whole-archive)
zephyr/libzephyr.a(dec.c.obj)
                              (--whole-archive)
zephyr/libzephyr.a(fdtable.c.obj)
                              (--whole-archive)
zephyr/libzephyr.a(hex.c.obj)
                              (--whole-archive)
zephyr/libzephyr.a(notify.c.obj)
                              (--whole-archive)
zephyr/libzephyr.a(printk.c.obj)
                              (--whole-archive)
zephyr/libzephyr.a(onoff.c.obj)
                              (--whole-archive)
zephyr/libzephyr.a(rb.c.obj)  (--whole-archive)
zephyr/libzephyr.a(sem.c.obj)
                              (--whole-archive)
zephyr/libzephyr.a(thread_entry.c.obj)
                              (--whole-archive)
zephyr/libzephyr.a(timeutil.c.obj)
                              (--whole-archive)
zephyr/libzephyr.a(heap.c.obj)
                              (--whole-archive)
zephyr/libzephyr.a(heap-validate.c.obj)
                              (--whole-archive)
zephyr/libzephyr.a(bitarray.c.obj)
                              (--whole-archive)
zephyr/libzephyr.a(multi_heap.c.obj)
                              (--whole-archive)
zephyr/libzephyr.a(cbprintf_complete.c.obj)
                              (--whole-archive)
zephyr/libzephyr.a(cbprintf.c.obj)
                              (--whole-archive)
zephyr/libzephyr.a(assert.c.obj)
                              (--whole-archive)
zephyr/libzephyr.a(reboot.c.obj)
                              (--whole-archive)
zephyr/libzephyr.a(configs.c.obj)
                              (--whole-archive)
zephyr/libzephyr.a(soc_nrf_common.S.obj)
                              (--whole-archive)
zephyr/libzephyr.a(validate_base_addresses.c.obj)
                              (--whole-archive)
zephyr/libzephyr.a(validate_enabled_instances.c.obj)
                              (--whole-archive)
zephyr/libzephyr.a(pm.c.obj)  (--whole-archive)
zephyr/libzephyr.a(policy.c.obj)
                              (--whole-archive)
zephyr/libzephyr.a(state.c.obj)
                              (--whole-archive)
zephyr/libzephyr.a(tracing_none.c.obj)
                              (--whole-archive)
zephyr/libzephyr.a(nrf_cc3xx_platform_abort_zephyr.c.obj)
                              (--whole-archive)
zephyr/libzephyr.a(nrf_cc3xx_platform_mutex_zephyr.c.obj)
                              (--whole-archive)
zephyr/arch/common/libarch__common.a(sw_isr_common.c.obj)
                              (--whole-archive)
zephyr/arch/arch/arm/core/aarch32/libarch__arm__core__aarch32.a(cpu_idle.S.obj)
                              (--whole-archive)
zephyr/arch/arch/arm/core/aarch32/libarch__arm__core__aarch32.a(fatal.c.obj)
                              (--whole-archive)
zephyr/arch/arch/arm/core/aarch32/libarch__arm__core__aarch32.a(irq_manage.c.obj)
                              (--whole-archive)
zephyr/arch/arch/arm/core/aarch32/libarch__arm__core__aarch32.a(nmi.c.obj)
                              (--whole-archive)
zephyr/arch/arch/arm/core/aarch32/libarch__arm__core__aarch32.a(nmi_on_reset.S.obj)
                              (--whole-archive)
zephyr/arch/arch/arm/core/aarch32/libarch__arm__core__aarch32.a(prep_c.c.obj)
                              (--whole-archive)
zephyr/arch/arch/arm/core/aarch32/libarch__arm__core__aarch32.a(swap.c.obj)
                              (--whole-archive)
zephyr/arch/arch/arm/core/aarch32/libarch__arm__core__aarch32.a(swap_helper.S.obj)
                              (--whole-archive)
zephyr/arch/arch/arm/core/aarch32/libarch__arm__core__aarch32.a(thread.c.obj)
                              (--whole-archive)
zephyr/arch/arch/arm/core/aarch32/libarch__arm__core__aarch32.a(isr_wrapper.S.obj)
                              (--whole-archive)
zephyr/arch/arch/arm/core/aarch32/cortex_m/libarch__arm__core__aarch32__cortex_m.a(exc_exit.S.obj)
                              (--whole-archive)
zephyr/arch/arch/arm/core/aarch32/cortex_m/libarch__arm__core__aarch32__cortex_m.a(fault.c.obj)
                              (--whole-archive)
zephyr/arch/arch/arm/core/aarch32/cortex_m/libarch__arm__core__aarch32__cortex_m.a(fault_s.S.obj)
                              (--whole-archive)
zephyr/arch/arch/arm/core/aarch32/cortex_m/libarch__arm__core__aarch32__cortex_m.a(fpu.c.obj)
                              (--whole-archive)
[...]
Memory Configuration

Name             Origin             Length             Attributes
FLASH            0x0000000000000000 0x0000000000100000 xr
SRAM             0x0000000020000000 0x0000000000040000 xw
IDT_LIST         0x00000000fffff7ff 0x0000000000000800 xw
*default*        0x0000000000000000 0xffffffffffffffff

Linker script and memory map

LOAD zephyr/CMakeFiles/zephyr_final.dir/misc/empty_file.c.obj
LOAD zephyr/CMakeFiles/zephyr_final.dir/dev_handles.c.obj
LOAD zephyr/CMakeFiles/zephyr_final.dir/isr_tables.c.obj
                0x0000000000000020                _region_min_align = 0x20

.rel.plt        0x0000000000000000        0x0
 *(SORT_BY_ALIGNMENT(.rel.plt))
                [!provide]                        PROVIDE (__rel_iplt_start = .)
 *(SORT_BY_ALIGNMENT(.rel.iplt))
 .rel.iplt      0x0000000000000000        0x0 zephyr/CMakeFiles/zephyr_final.dir/isr_tables.c.obj
                [!provide]                        PROVIDE (__rel_iplt_end = .)

.rela.plt       0x0000000000000000        0x0
 *(SORT_BY_ALIGNMENT(.rela.plt))
                [!provide]                        PROVIDE (__rela_iplt_start = .)
 *(SORT_BY_ALIGNMENT(.rela.iplt))
                [!provide]                        PROVIDE (__rela_iplt_end = .)

.rel.dyn
 *(SORT_BY_ALIGNMENT(.rel.*))

.rela.dyn
 *(SORT_BY_ALIGNMENT(.rela.*))

/DISCARD/
 *(SORT_BY_ALIGNMENT(.plt))
 *(SORT_BY_ALIGNMENT(.iplt))
 *(SORT_BY_ALIGNMENT(.got.plt))
 *(SORT_BY_ALIGNMENT(.igot.plt))
 *(SORT_BY_ALIGNMENT(.got))
 *(SORT_BY_ALIGNMENT(.igot))
 *(SORT_BY_ALIGNMENT(.irq_info*))
 *(SORT_BY_ALIGNMENT(.intList*))
 *(SORT_BY_ALIGNMENT(.note.GNU-stack))
                0x0000000000000000                __rom_region_start = 0x0

rom_start       0x0000000000000000      0x100
                0x0000000000000000                . = 0x0
                0x0000000000000000                . = ALIGN (0x4)
                0x0000000000000000                . = ALIGN (0x80)
                0x0000000000000000                . = ALIGN (0x100)
                0x0000000000000000                _vector_start = .
 *(SORT_BY_ALIGNMENT(.exc_vector_table))
 *(SORT_BY_ALIGNMENT(.exc_vector_table.*))
 .exc_vector_table._vector_table_section
                0x0000000000000000       0x40 zephyr/arch/arch/arm/core/aarch32/cortex_m/libarch__arm__core__aarch32__cortex_m.a(vector_table.S.obj)
                0x0000000000000000                _vector_table
 *(SORT_BY_ALIGNMENT(.vectors))
                0x0000000000000100                _vector_end = .
                0x0000000000000040                . = ALIGN (0x4)
 *(SORT_BY_ALIGNMENT(.gnu.linkonce.irq_vector_table*))
 .gnu.linkonce.irq_vector_table
                0x0000000000000040       0xc0 zephyr/CMakeFiles/zephyr_final.dir/isr_tables.c.obj
                0x0000000000000040                _irq_vector_table
                0x0000000000000100                _vector_end = .

text            0x0000000000000100     0x5832
                0x0000000000000100                __text_region_start = .
 *(SORT_BY_ALIGNMENT(.text))
 .text          0x0000000000000100       0x30 c:/ncs/toolchains/v2.1.2/opt/zephyr-sdk/arm-zephyr-eabi/bin/../lib/gcc/arm-zephyr-eabi/10.3.0/thumb/v7e-m/nofp\libgcc.a(_aeabi_uldivmod.o)
                0x0000000000000100                __aeabi_uldivmod
 .text          0x0000000000000130        0x4 c:/ncs/toolchains/v2.1.2/opt/zephyr-sdk/arm-zephyr-eabi/bin/../lib/gcc/arm-zephyr-eabi/10.3.0/thumb/v7e-m/nofp\libgcc.a(_dvmd_tls.o)
                0x0000000000000130                __aeabi_idiv0
                0x0000000000000130                __aeabi_ldiv0
 .text          0x0000000000000134      0x2a6 c:/ncs/toolchains/v2.1.2/opt/zephyr-sdk/arm-zephyr-eabi/bin/../lib/gcc/arm-zephyr-eabi/10.3.0/thumb/v7e-m/nofp\libgcc.a(_udivmoddi4.o)
                0x0000000000000134                __udivmoddi4
 *(SORT_BY_ALIGNMENT(.text.*))
 *fill*         0x00000000000003da        0x2 
 .text.main     0x00000000000003dc       0x60 app/libapp.a(main.c.obj)
                0x00000000000003dc                main
 .text.char_out
                0x000000000000043c        0xc zephyr/libzephyr.a(printk.c.obj)
 .text.__printk_hook_install
                0x0000000000000448        0xc zephyr/libzephyr.a(printk.c.obj)
                0x0000000000000448                __printk_hook_install
 .text.vprintk  0x0000000000000454       0x1c zephyr/libzephyr.a(printk.c.obj)
                0x0000000000000454                vprintk
 .text.process_event
                0x0000000000000470      0x1c0 zephyr/libzephyr.a(onoff.c.obj)
 .text.z_cbvprintf_impl
                0x0000000000000630      0x78c zephyr/libzephyr.a(cbprintf_complete.c.obj)
                0x0000000000000630                z_cbvprintf_impl
 .text.sys_reboot
                0x0000000000000dbc       0x28 zephyr/libzephyr.a(reboot.c.obj)
                0x0000000000000dbc                sys_reboot
 .text.z_arm_platform_init
                0x0000000000000de4        0x4 zephyr/libzephyr.a(soc_nrf_common.S.obj)
                0x0000000000000de4                z_arm_platform_init
 .text.pm_state_notify
                0x0000000000000de8       0x5c zephyr/libzephyr.a(pm.c.obj)
 .text.pm_system_resume
                0x0000000000000e44       0x7c zephyr/libzephyr.a(pm.c.obj)
                0x0000000000000e44                pm_system_resume
 .text.pm_system_suspend
                0x0000000000000ec0       0xf0 zephyr/libzephyr.a(pm.c.obj)
                0x0000000000000ec0                pm_system_suspend
 .text.pm_policy_next_state
                0x0000000000000fb0       0x90 zephyr/libzephyr.a(policy.c.obj)
                0x0000000000000fb0                pm_policy_next_state
 .text.pm_state_cpu_get_all
                0x0000000000001040       0x10 zephyr/libzephyr.a(state.c.obj)
                0x0000000000001040                pm_state_cpu_get_all
 .text.nrf_cc3xx_platform_abort_init
                0x0000000000001050        0xc zephyr/libzephyr.a(nrf_cc3xx_platform_abort_zephyr.c.obj)
                0x0000000000001050                nrf_cc3xx_platform_abort_init
 .text.mutex_free_platform
                0x000000000000105c       0x48 zephyr/libzephyr.a(nrf_cc3xx_platform_mutex_zephyr.c.obj)
 .text.mutex_lock_platform
                0x00000000000010a4       0x58 zephyr/libzephyr.a(nrf_cc3xx_platform_mutex_zephyr.c.obj)
 .text.mutex_unlock_platform
                0x00000000000010fc       0x4c zephyr/libzephyr.a(nrf_cc3xx_platform_mutex_zephyr.c.obj)
 .text.mutex_init_platform
                0x0000000000001148       0x70 zephyr/libzephyr.a(nrf_cc3xx_platform_mutex_zephyr.c.obj)
 .text.nrf_cc3xx_platform_mutex_init
                0x00000000000011b8       0x2c zephyr/libzephyr.a(nrf_cc3xx_platform_mutex_zephyr.c.obj)
                0x00000000000011b8                nrf_cc3xx_platform_mutex_init
 .text.z_arm_cpu_idle_init
                0x00000000000011e4        0xc zephyr/arch/arch/arm/core/aarch32/libarch__arm__core__aarch32.a(cpu_idle.S.obj)
                0x00000000000011e4                z_arm_cpu_idle_init
 .text.arch_cpu_idle
                0x00000000000011f0       0x1c zephyr/arch/arch/arm/core/aarch32/libarch__arm__core__aarch32.a(cpu_idle.S.obj)
                0x00000000000011f0                arch_cpu_idle
 .text.arch_cpu_atomic_idle
                0x000000000000120c       0x14 zephyr/arch/arch/arm/core/aarch32/libarch__arm__core__aarch32.a(cpu_idle.S.obj)
                0x000000000000120c                arch_cpu_atomic_idle
 .text.arch_irq_enable
                0x0000000000001220       0x20 zephyr/arch/arch/arm/core/aarch32/libarch__arm__core__aarch32.a(irq_manage.c.obj)
                0x0000000000001220                arch_irq_enable
 .text.arch_irq_is_enabled
                0x0000000000001240       0x1c zephyr/arch/arch/arm/core/aarch32/libarch__arm__core__aarch32.a(irq_manage.c.obj)
                0x0000000000001240                arch_irq_is_enabled
 .text.z_arm_irq_priority_set
                0x000000000000125c       0x30 zephyr/arch/arch/arm/core/aarch32/libarch__arm__core__aarch32.a(irq_manage.c.obj)
                0x000000000000125c                z_arm_irq_priority_set
 .text.z_SysNmiOnReset
                0x000000000000128c        0x8 zephyr/arch/arch/arm/core/aarch32/libarch__arm__core__aarch32.a(nmi_on_reset.S.obj)
                0x000000000000128c                z_SysNmiOnReset
 .text.z_arm_prep_c
                0x0000000000001294       0x38 zephyr/arch/arch/arm/core/aarch32/libarch__arm__core__aarch32.a(prep_c.c.obj)
                0x0000000000001294                z_arm_prep_c
 .text.arch_swap
                0x00000000000012cc       0x34 zephyr/arch/arch/arm/core/aarch32/libarch__arm__core__aarch32.a(swap.c.obj)
                0x00000000000012cc                arch_swap
 .text.z_arm_pendsv
                0x0000000000001300       0x48 zephyr/arch/arch/arm/core/aarch32/libarch__arm__core__aarch32.a(swap_helper.S.obj)
                0x0000000000001300                z_arm_pendsv
 .text.z_arm_svc
                0x0000000000001348       0x20 zephyr/arch/arch/arm/core/aarch32/libarch__arm__core__aarch32.a(swap_helper.S.obj)
                0x0000000000001348                z_arm_svc
 .text.arch_new_thread
                0x0000000000001368       0x38 zephyr/arch/arch/arm/core/aarch32/libarch__arm__core__aarch32.a(thread.c.obj)
                0x0000000000001368                arch_new_thread
 .text.arch_switch_to_main_thread
                0x00000000000013a0       0x24 zephyr/arch/arch/arm/core/aarch32/libarch__arm__core__aarch32.a(thread.c.obj)
                0x00000000000013a0                arch_switch_to_main_thread
 .text._isr_wrapper
                0x00000000000013c4       0x40 zephyr/arch/arch/arm/core/aarch32/libarch__arm__core__aarch32.a(isr_wrapper.S.obj)
                0x00000000000013c4                _isr_wrapper
 .text._HandlerModeExit
                0x0000000000001404       0x1c zephyr/arch/arch/arm/core/aarch32/cortex_m/libarch__arm__core__aarch32__cortex_m.a(exc_exit.S.obj)
                0x0000000000001404                z_arm_int_exit
                0x0000000000001404                z_arm_exc_exit
 .text.bus_fault.constprop.0
                0x0000000000001420       0x3c zephyr/arch/arch/arm/core/aarch32/cortex_m/libarch__arm__core__aarch32__cortex_m.a(fault.c.obj)
 .text.mem_manage_fault.constprop.0
                0x000000000000145c       0x50 zephyr/arch/arch/arm/core/aarch32/cortex_m/libarch__arm__core__aarch32__cortex_m.a(fault.c.obj)
 .text.z_arm_fault
                0x00000000000014ac      0x128 zephyr/arch/arch/arm/core/aarch32/cortex_m/libarch__arm__core__aarch32__cortex_m.a(fault.c.obj)
                0x00000000000014ac                z_arm_fault
 .text.z_arm_fault_init
                0x00000000000015d4       0x10 zephyr/arch/arch/arm/core/aarch32/cortex_m/libarch__arm__core__aarch32__cortex_m.a(fault.c.obj)
                0x00000000000015d4                z_arm_fault_init
 .text.__fault  0x00000000000015e4       0x14 zephyr/arch/arch/arm/core/aarch32/cortex_m/libarch__arm__core__aarch32__cortex_m.a(fault_s.S.obj)
                0x00000000000015e4                z_arm_usage_fault
                0x00000000000015e4                z_arm_mpu_fault
                0x00000000000015e4                z_arm_exc_spurious
                0x00000000000015e4                z_arm_debug_monitor
                0x00000000000015e4                z_arm_hard_fault
                0x00000000000015e4                z_arm_bus_fault
 .text.z_arm_interrupt_init
                0x00000000000015f8       0x18 zephyr/arch/arch/arm/core/aarch32/cortex_m/libarch__arm__core__aarch32__cortex_m.a(irq_init.c.obj)
                0x00000000000015f8                z_arm_interrupt_init
 .text._reset_section
                0x0000000000001610       0x54 zephyr/arch/arch/arm/core/aarch32/cortex_m/libarch__arm__core__aarch32__cortex_m.a(reset.S.obj)
                0x0000000000001610                __start
                0x0000000000001610                z_arm_reset
 .text.z_arm_clear_arm_mpu_config
                0x0000000000001664       0x24 zephyr/arch/arch/arm/core/aarch32/cortex_m/libarch__arm__core__aarch32__cortex_m.a(scb.c.obj)
                0x0000000000001664                z_arm_clear_arm_mpu_config
 .text.z_arm_init_arch_hw_at_boot
                0x0000000000001688       0x64 zephyr/arch/arch/arm/core/aarch32/cortex_m/libarch__arm__core__aarch32__cortex_m.a(scb.c.obj)
                0x0000000000001688                z_arm_init_arch_hw_at_boot
 .text.z_impl_k_thread_abort
                0x00000000000016ec       0x2c zephyr/arch/arch/arm/core/aarch32/cortex_m/libarch__arm__core__aarch32__cortex_m.a(thread_abort.c.obj)
                0x00000000000016ec                z_impl_k_thread_abort
 .text.z_arm_configure_static_mpu_regions
                0x0000000000001718       0x18 zephyr/arch/arch/arm/core/aarch32/mpu/libarch__arm__core__aarch32__mpu.a(arm_core_mpu.c.obj)
                0x0000000000001718                z_arm_configure_static_mpu_regions
 .text.mpu_configure_regions
                0x0000000000001730       0x84 zephyr/arch/arch/arm/core/aarch32/mpu/libarch__arm__core__aarch32__mpu.a(arm_mpu.c.obj)
 .text.arm_core_mpu_enable
                0x00000000000017b4       0x18 zephyr/arch/arch/arm/core/aarch32/mpu/libarch__arm__core__aarch32__mpu.a(arm_mpu.c.obj)
                0x00000000000017b4                arm_core_mpu_enable
 .text.arm_core_mpu_disable
                0x00000000000017cc       0x14 zephyr/arch/arch/arm/core/aarch32/mpu/libarch__arm__core__aarch32__mpu.a(arm_mpu.c.obj)
                0x00000000000017cc                arm_core_mpu_disable
 .text.arm_core_mpu_configure_static_mpu_regions
                0x00000000000017e0       0x14 zephyr/arch/arch/arm/core/aarch32/mpu/libarch__arm__core__aarch32__mpu.a(arm_mpu.c.obj)
                0x00000000000017e0                arm_core_mpu_configure_static_mpu_regions
 .text.z_arm_mpu_init
                0x00000000000017f4       0x60 zephyr/arch/arch/arm/core/aarch32/mpu/libarch__arm__core__aarch32__mpu.a(arm_mpu.c.obj)
                0x00000000000017f4                z_arm_mpu_init
 .text.__stdout_hook_install
                0x0000000000001854        0xc zephyr/lib/libc/minimal/liblib__libc__minimal.a(stdout_console.c.obj)
                0x0000000000001854                __stdout_hook_install
 .text.nordicsemi_nrf52_init
                0x0000000000001860       0x30 zephyr/soc/arm/nordic_nrf/nrf52/libsoc__arm__nordic_nrf__nrf52.a(soc.c.obj)
 .text.sys_arch_reboot
                0x0000000000001890       0x2c zephyr/soc/arm/nordic_nrf/nrf52/libsoc__arm__nordic_nrf__nrf52.a(soc.c.obj)
                0x0000000000001890                sys_arch_reboot
 .text.arch_busy_wait
                0x00000000000018bc       0x14 zephyr/soc/arm/nordic_nrf/nrf52/libsoc__arm__nordic_nrf__nrf52.a(soc.c.obj)
                0x00000000000018bc                arch_busy_wait
 .text.onoff_stop
                0x00000000000018d0       0x30 zephyr/drivers/clock_control/libdrivers__clock_control.a(clock_control_nrf.c.obj)
 .text.onoff_start
                0x0000000000001900       0x44 zephyr/drivers/clock_control/libdrivers__clock_control.a(clock_control_nrf.c.obj)
 .text.clk_init
                0x0000000000001944       0x60 zephyr/drivers/clock_control/libdrivers__clock_control.a(clock_control_nrf.c.obj)
 .text.clkstarted_handle.constprop.0
                0x00000000000019a4       0x34 zephyr/drivers/clock_control/libdrivers__clock_control.a(clock_control_nrf.c.obj)
 .text.clock_event_handler
                0x00000000000019d8       0x34 zephyr/drivers/clock_control/libdrivers__clock_control.a(clock_control_nrf.c.obj)
 .text.generic_hfclk_start
                0x0000000000001a0c       0x64 zephyr/drivers/clock_control/libdrivers__clock_control.a(clock_control_nrf.c.obj)
 .text.api_blocking_start
                0x0000000000001a70       0x34 zephyr/drivers/clock_control/libdrivers__clock_control.a(clock_control_nrf.c.obj)
 .text.generic_hfclk_stop
                0x0000000000001aa4       0x2c zephyr/drivers/clock_control/libdrivers__clock_control.a(clock_control_nrf.c.obj)
 .text.z_nrf_clock_control_get_onoff
                0x0000000000001ad0       0x10 zephyr/drivers/clock_control/libdrivers__clock_control.a(clock_control_nrf.c.obj)
                0x0000000000001ad0                z_nrf_clock_control_get_onoff
 .text.z_nrf_clock_control_lf_on
                0x0000000000001ae0       0xb4 zephyr/drivers/clock_control/libdrivers__clock_control.a(clock_control_nrf.c.obj)
                0x0000000000001ae0                z_nrf_clock_control_lf_on
 .text.start_cal_process
                0x0000000000001b94       0x48 zephyr/drivers/clock_control/libdrivers__clock_control.a(nrf_clock_calibration.c.obj)
 .text.temp_sensor_init
                0x0000000000001bdc       0x20 zephyr/drivers/clock_control/libdrivers__clock_control.a(nrf_clock_calibration.c.obj)
 .text.start_cycle
                0x0000000000001bfc       0x38 zephyr/drivers/clock_control/libdrivers__clock_control.a(nrf_clock_calibration.c.obj)
 .text.measure_temperature
                0x0000000000001c34       0x8c zephyr/drivers/clock_control/libdrivers__clock_control.a(nrf_clock_calibration.c.obj)
 .text.cal_hf_callback
                0x0000000000001cc0       0x2c zephyr/drivers/clock_control/libdrivers__clock_control.a(nrf_clock_calibration.c.obj)
 .text.z_nrf_clock_calibration_init
                0x0000000000001cec       0x1c zephyr/drivers/clock_control/libdrivers__clock_control.a(nrf_clock_calibration.c.obj)
                0x0000000000001cec                z_nrf_clock_calibration_init
 .text.z_nrf_clock_calibration_lfclk_started
                0x0000000000001d08       0x10 zephyr/drivers/clock_control/libdrivers__clock_control.a(nrf_clock_calibration.c.obj)
                0x0000000000001d08                z_nrf_clock_calibration_lfclk_started
 .text.z_nrf_clock_calibration_lfclk_stopped
                0x0000000000001d18        0xc zephyr/drivers/clock_control/libdrivers__clock_control.a(nrf_clock_calibration.c.obj)
                0x0000000000001d18                z_nrf_clock_calibration_lfclk_stopped
 .text.z_nrf_clock_calibration_done_handler
                0x0000000000001d24       0x10 zephyr/drivers/clock_control/libdrivers__clock_control.a(nrf_clock_calibration.c.obj)
                0x0000000000001d24                z_nrf_clock_calibration_done_handler
 .text.rtt_console_init
                0x0000000000001d34       0x18 zephyr/drivers/console/libdrivers__console.a(rtt_console.c.obj)
 .text.rtt_console_out
                0x0000000000001d4c       0x58 zephyr/drivers/console/libdrivers__console.a(rtt_console.c.obj)
 .text.uart_console_init
                0x0000000000001da4       0x30 zephyr/drivers/console/libdrivers__console.a(uart_console.c.obj)
 .text.console_out
                0x0000000000001dd4       0x28 zephyr/drivers/console/libdrivers__console.a(uart_console.c.obj)
 .text.gpio_nrfx_pin_interrupt_configure
                0x0000000000001dfc       0xd4 zephyr/drivers/gpio/libdrivers__gpio.a(gpio_nrfx.c.obj)
 .text.gpio_nrfx_init
                0x0000000000001ed0       0x38 zephyr/drivers/gpio/libdrivers__gpio.a(gpio_nrfx.c.obj)
 .text.nrfx_gpio_handler
                0x0000000000001f08       0x44 zephyr/drivers/gpio/libdrivers__gpio.a(gpio_nrfx.c.obj)
 .text.gpio_nrfx_pin_configure
                0x0000000000001f4c      0x144 zephyr/drivers/gpio/libdrivers__gpio.a(gpio_nrfx.c.obj)
 .text.hfclk_on_callback
                0x0000000000002090        0xc zephyr/drivers/sensor/nrf5/libdrivers__sensor__nrf5.a(temp_nrf5.c.obj)
 .text.temp_nrf5_channel_get
                0x000000000000209c       0x2c zephyr/drivers/sensor/nrf5/libdrivers__sensor__nrf5.a(temp_nrf5.c.obj)
 .text.temp_nrf5_isr
                0x00000000000020c8       0x18 zephyr/drivers/sensor/nrf5/libdrivers__sensor__nrf5.a(temp_nrf5.c.obj)
 .text.temp_nrf5_sample_fetch
                0x00000000000020e0       0x78 zephyr/drivers/sensor/nrf5/libdrivers__sensor__nrf5.a(temp_nrf5.c.obj)
 .text.temp_nrf5_init
                0x0000000000002158       0x40 zephyr/drivers/sensor/nrf5/libdrivers__sensor__nrf5.a(temp_nrf5.c.obj)
 .text.uart_nrfx_poll_in
                0x0000000000002198       0x24 zephyr/drivers/serial/libdrivers__serial.a(uart_nrfx_uart.c.obj)
 .text.uart_nrfx_err_check
                0x00000000000021bc       0x10 zephyr/drivers/serial/libdrivers__serial.a(uart_nrfx_uart.c.obj)
 .text.uart_nrfx_configure
                0x00000000000021cc      0x168 zephyr/drivers/serial/libdrivers__serial.a(uart_nrfx_uart.c.obj)
 .text.uart_nrfx_init
                0x0000000000002334       0x54 zephyr/drivers/serial/libdrivers__serial.a(uart_nrfx_uart.c.obj)
 .text.uart_nrfx_poll_out
                0x0000000000002388       0x7c zephyr/drivers/serial/libdrivers__serial.a(uart_nrfx_uart.c.obj)
 .text.compare_int_lock
                0x0000000000002404       0x50 zephyr/drivers/timer/libdrivers__timer.a(nrf_rtc_timer.c.obj)
 .text.sys_clock_timeout_handler
                0x0000000000002454       0x78 zephyr/drivers/timer/libdrivers__timer.a(nrf_rtc_timer.c.obj)
 .text.compare_int_unlock
                0x00000000000024cc       0x5c zephyr/drivers/timer/libdrivers__timer.a(nrf_rtc_timer.c.obj)
 .text.z_nrf_rtc_timer_read
                0x0000000000002528       0x44 zephyr/drivers/timer/libdrivers__timer.a(nrf_rtc_timer.c.obj)
                0x0000000000002528                z_nrf_rtc_timer_read
 .text.compare_set
                0x000000000000256c      0x148 zephyr/drivers/timer/libdrivers__timer.a(nrf_rtc_timer.c.obj)
 .text.sys_clock_driver_init
                0x00000000000026b4       0x80 zephyr/drivers/timer/libdrivers__timer.a(nrf_rtc_timer.c.obj)
 .text.rtc_nrf_isr
                0x0000000000002734       0xec zephyr/drivers/timer/libdrivers__timer.a(nrf_rtc_timer.c.obj)
                0x0000000000002734                rtc_nrf_isr
 .text.sys_clock_set_timeout
                0x0000000000002820       0x64 zephyr/drivers/timer/libdrivers__timer.a(nrf_rtc_timer.c.obj)
                0x0000000000002820                sys_clock_set_timeout
 .text.sys_clock_elapsed
                0x0000000000002884       0x14 zephyr/drivers/timer/libdrivers__timer.a(nrf_rtc_timer.c.obj)
                0x0000000000002884                sys_clock_elapsed
 .text.nrf_gpio_pin_clear
                0x0000000000002898       0x20 zephyr/drivers/pinctrl/libdrivers__pinctrl.a(pinctrl_nrf.c.obj)
 .text.nrf_pin_configure
                0x00000000000028b8       0x44 zephyr/drivers/pinctrl/libdrivers__pinctrl.a(pinctrl_nrf.c.obj)
 .text.nrf_gpio_pin_set
                0x00000000000028fc       0x20 zephyr/drivers/pinctrl/libdrivers__pinctrl.a(pinctrl_nrf.c.obj)
 .text.nrf52_errata_98
                0x000000000000291c       0x24 modules/hal_nordic/nrfx/libmodules__hal_nordic__nrfx.a(system_nrf52840.c.obj)
 .text.nvmc_wait
                0x0000000000002940       0x10 modules/hal_nordic/nrfx/libmodules__hal_nordic__nrfx.a(system_nrf52840.c.obj)
                0x0000000000002940                nvmc_wait
 .text.SystemInit
                0x0000000000002950      0x1d4 modules/hal_nordic/nrfx/libmodules__hal_nordic__nrfx.a(system_nrf52840.c.obj)
                0x0000000000002950                SystemInit
 .text.nrfx_flag32_alloc
                0x0000000000002b24       0x4c modules/hal_nordic/nrfx/libmodules__hal_nordic__nrfx.a(nrfx_flag32_allocator.c.obj)
                0x0000000000002b24                nrfx_flag32_alloc
 .text.nrfx_flag32_free
                0x0000000000002b70       0x44 modules/hal_nordic/nrfx/libmodules__hal_nordic__nrfx.a(nrfx_flag32_allocator.c.obj)
                0x0000000000002b70                nrfx_flag32_free
 .text.clock_stop
                0x0000000000002bb4       0xa8 modules/hal_nordic/nrfx/libmodules__hal_nordic__nrfx.a(nrfx_clock.c.obj)
 .text.nrfx_clock_init
                0x0000000000002c5c       0x24 modules/hal_nordic/nrfx/libmodules__hal_nordic__nrfx.a(nrfx_clock.c.obj)
                0x0000000000002c5c                nrfx_clock_init
 .text.nrfx_clock_calibration_start
                0x0000000000002c80       0x5c modules/hal_nordic/nrfx/libmodules__hal_nordic__nrfx.a(nrfx_clock.c.obj)
                0x0000000000002c80                nrfx_clock_calibration_start
 .text.nrfx_power_clock_irq_handler
                0x0000000000002cdc       0x84 modules/hal_nordic/nrfx/libmodules__hal_nordic__nrfx.a(nrfx_clock.c.obj)
                0x0000000000002cdc                nrfx_power_clock_irq_handler
 .text.nrf_gpio_pin_port_decode
                0x0000000000002d60       0x1c modules/hal_nordic/nrfx/libmodules__hal_nordic__nrfx.a(nrfx_gpiote.c.obj)
 .text.pin_in_use_by_te
                0x0000000000002d7c       0x14 modules/hal_nordic/nrfx/libmodules__hal_nordic__nrfx.a(nrfx_gpiote.c.obj)
 .text.call_handler
                0x0000000000002d90       0x3c modules/hal_nordic/nrfx/libmodules__hal_nordic__nrfx.a(nrfx_gpiote.c.obj)
 .text.release_handler
                0x0000000000002dcc       0x54 modules/hal_nordic/nrfx/libmodules__hal_nordic__nrfx.a(nrfx_gpiote.c.obj)
 .text.pin_handler_trigger_uninit
                0x0000000000002e20       0x38 modules/hal_nordic/nrfx/libmodules__hal_nordic__nrfx.a(nrfx_gpiote.c.obj)
 .text.nrfx_gpiote_input_configure
                0x0000000000002e58      0x15c modules/hal_nordic/nrfx/libmodules__hal_nordic__nrfx.a(nrfx_gpiote.c.obj)
                0x0000000000002e58                nrfx_gpiote_input_configure
 .text.nrfx_gpiote_output_configure
                0x0000000000002fb4       0xe4 modules/hal_nordic/nrfx/libmodules__hal_nordic__nrfx.a(nrfx_gpiote.c.obj)
                0x0000000000002fb4                nrfx_gpiote_output_configure
 .text.nrfx_gpiote_global_callback_set
                0x0000000000003098        0xc modules/hal_nordic/nrfx/libmodules__hal_nordic__nrfx.a(nrfx_gpiote.c.obj)
                0x0000000000003098                nrfx_gpiote_global_callback_set
 .text.nrfx_gpiote_channel_get
                0x00000000000030a4       0x2c modules/hal_nordic/nrfx/libmodules__hal_nordic__nrfx.a(nrfx_gpiote.c.obj)
                0x00000000000030a4                nrfx_gpiote_channel_get
 .text.nrfx_gpiote_init
                0x00000000000030d0       0x50 modules/hal_nordic/nrfx/libmodules__hal_nordic__nrfx.a(nrfx_gpiote.c.obj)
                0x00000000000030d0                nrfx_gpiote_init
 .text.nrfx_gpiote_is_init
                0x0000000000003120       0x14 modules/hal_nordic/nrfx/libmodules__hal_nordic__nrfx.a(nrfx_gpiote.c.obj)
                0x0000000000003120                nrfx_gpiote_is_init
 .text.nrfx_gpiote_channel_free
                0x0000000000003134        0xc modules/hal_nordic/nrfx/libmodules__hal_nordic__nrfx.a(nrfx_gpiote.c.obj)
                0x0000000000003134                nrfx_gpiote_channel_free
 .text.nrfx_gpiote_channel_alloc
                0x0000000000003140        0xc modules/hal_nordic/nrfx/libmodules__hal_nordic__nrfx.a(nrfx_gpiote.c.obj)
                0x0000000000003140                nrfx_gpiote_channel_alloc
 .text.nrfx_gpiote_trigger_enable
                0x000000000000314c       0x90 modules/hal_nordic/nrfx/libmodules__hal_nordic__nrfx.a(nrfx_gpiote.c.obj)
                0x000000000000314c                nrfx_gpiote_trigger_enable
 .text.nrfx_gpiote_trigger_disable
                0x00000000000031dc       0x50 modules/hal_nordic/nrfx/libmodules__hal_nordic__nrfx.a(nrfx_gpiote.c.obj)
                0x00000000000031dc                nrfx_gpiote_trigger_disable
 .text.nrfx_gpiote_pin_uninit
                0x000000000000322c       0x48 modules/hal_nordic/nrfx/libmodules__hal_nordic__nrfx.a(nrfx_gpiote.c.obj)
                0x000000000000322c                nrfx_gpiote_pin_uninit
 .text.nrfx_gpiote_irq_handler
                0x0000000000003274      0x1ac modules/hal_nordic/nrfx/libmodules__hal_nordic__nrfx.a(nrfx_gpiote.c.obj)
                0x0000000000003274                nrfx_gpiote_irq_handler
 .text._DoInit  0x0000000000003420       0x6c modules/segger/libmodules__segger.a(SEGGER_RTT.c.obj)
 .text.SEGGER_RTT_WriteNoLock
                0x000000000000348c       0x60 modules/segger/libmodules__segger.a(SEGGER_RTT.c.obj)
                0x000000000000348c                SEGGER_RTT_WriteNoLock
 .text.z_sys_init_run_level
                0x00000000000034ec       0x40 zephyr/kernel/libkernel.a(device.c.obj)
                0x00000000000034ec                z_sys_init_run_level
 .text.bg_thread_main
                0x000000000000352c       0x34 zephyr/kernel/libkernel.a(init.c.obj)
 .text.z_bss_zero
                0x0000000000003560       0x18 zephyr/kernel/libkernel.a(init.c.obj)
                0x0000000000003560                z_bss_zero
 .text.z_init_cpu
                0x0000000000003578       0x68 zephyr/kernel/libkernel.a(init.c.obj)
                0x0000000000003578                z_init_cpu
 .text.z_cstart
                0x00000000000035e0       0xd4 zephyr/kernel/libkernel.a(init.c.obj)
                0x00000000000035e0                z_cstart
 .text.init_mem_slab_module
                0x00000000000036b4       0x44 zephyr/kernel/libkernel.a(mem_slab.c.obj)
 .text.k_mem_slab_alloc
                0x00000000000036f8       0x5c zephyr/kernel/libkernel.a(mem_slab.c.obj)
                0x00000000000036f8                k_mem_slab_alloc
 .text.z_setup_new_thread
                0x0000000000003754       0x60 zephyr/kernel/libkernel.a(thread.c.obj)
                0x0000000000003754                z_setup_new_thread
 .text.z_impl_k_thread_create
                0x00000000000037b4       0x58 zephyr/kernel/libkernel.a(thread.c.obj)
                0x00000000000037b4                z_impl_k_thread_create
 .text.z_init_static_threads
                0x000000000000380c       0xb8 zephyr/kernel/libkernel.a(thread.c.obj)
                0x000000000000380c                z_init_static_threads
 .text.idle     0x00000000000038c4       0x38 zephyr/kernel/libkernel.a(idle.c.obj)
                0x00000000000038c4                idle
 .text.z_impl_k_mutex_lock
                0x00000000000038fc       0xf0 zephyr/kernel/libkernel.a(mutex.c.obj)
                0x00000000000038fc                z_impl_k_mutex_lock
 .text.z_impl_k_mutex_unlock
                0x00000000000039ec       0x78 zephyr/kernel/libkernel.a(mutex.c.obj)
                0x00000000000039ec                z_impl_k_mutex_unlock
 .text.z_impl_k_sem_give
                0x0000000000003a64       0x40 zephyr/kernel/libkernel.a(sem.c.obj)
                0x0000000000003a64                z_impl_k_sem_give
 .text.z_impl_k_sem_take
                0x0000000000003aa4       0x50 zephyr/kernel/libkernel.a(sem.c.obj)
                0x0000000000003aa4                z_impl_k_sem_take
 .text.work_queue_main
                0x0000000000003af4      0x12c zephyr/kernel/libkernel.a(work.c.obj)
 .text.submit_to_queue_locked
                0x0000000000003c20       0xa0 zephyr/kernel/libkernel.a(work.c.obj)
 .text.k_work_submit
                0x0000000000003cc0        0xc zephyr/kernel/libkernel.a(work.c.obj)
                0x0000000000003cc0                k_work_submit
 .text.k_work_queue_start
                0x0000000000003ccc       0x70 zephyr/kernel/libkernel.a(work.c.obj)
                0x0000000000003ccc                k_work_queue_start
 .text.z_reset_time_slice
                0x0000000000003d3c       0x28 zephyr/kernel/libkernel.a(sched.c.obj)
                0x0000000000003d3c                z_reset_time_slice
 .text.k_sched_time_slice_set
                0x0000000000003d64       0x64 zephyr/kernel/libkernel.a(sched.c.obj)
                0x0000000000003d64                k_sched_time_slice_set
 .text.z_reschedule
                0x0000000000003dc8       0x24 zephyr/kernel/libkernel.a(sched.c.obj)
                0x0000000000003dc8                z_reschedule
 .text.k_sched_lock
                0x0000000000003dec       0x28 zephyr/kernel/libkernel.a(sched.c.obj)
                0x0000000000003dec                k_sched_lock
 .text.update_cache
                0x0000000000003e14       0x40 zephyr/kernel/libkernel.a(sched.c.obj)
 .text.move_thread_to_end_of_prio_q
                0x0000000000003e54       0x74 zephyr/kernel/libkernel.a(sched.c.obj)
 .text.z_time_slice
                0x0000000000003ec8       0x84 zephyr/kernel/libkernel.a(sched.c.obj)
                0x0000000000003ec8                z_time_slice
 .text.ready_thread
                0x0000000000003f4c       0x6c zephyr/kernel/libkernel.a(sched.c.obj)
 .text.z_sched_start
                0x0000000000003fb8       0x3c zephyr/kernel/libkernel.a(sched.c.obj)
                0x0000000000003fb8                z_sched_start
 .text.unready_thread
                0x0000000000003ff4       0x30 zephyr/kernel/libkernel.a(sched.c.obj)
 .text.pend     0x0000000000004024       0x4c zephyr/kernel/libkernel.a(sched.c.obj)
 .text.z_pend_curr
                0x0000000000004070       0x28 zephyr/kernel/libkernel.a(sched.c.obj)
                0x0000000000004070                z_pend_curr
 .text.z_set_prio
                0x0000000000004098       0x90 zephyr/kernel/libkernel.a(sched.c.obj)
                0x0000000000004098                z_set_prio
 .text.z_impl_k_thread_suspend
                0x0000000000004128       0x64 zephyr/kernel/libkernel.a(sched.c.obj)
                0x0000000000004128                z_impl_k_thread_suspend
 .text.k_sched_unlock
                0x000000000000418c       0x38 zephyr/kernel/libkernel.a(sched.c.obj)
                0x000000000000418c                k_sched_unlock
 .text.z_sched_init
                0x00000000000041c4       0x18 zephyr/kernel/libkernel.a(sched.c.obj)
                0x00000000000041c4                z_sched_init
 .text.z_impl_k_yield
                0x00000000000041dc       0x80 zephyr/kernel/libkernel.a(sched.c.obj)
                0x00000000000041dc                z_impl_k_yield
 .text.z_tick_sleep
                0x000000000000425c       0x90 zephyr/kernel/libkernel.a(sched.c.obj)
 .text.z_impl_k_sleep
                0x00000000000042ec       0x34 zephyr/kernel/libkernel.a(sched.c.obj)
                0x00000000000042ec                z_impl_k_sleep
 .text.z_impl_z_current_get
                0x0000000000004320        0xc zephyr/kernel/libkernel.a(sched.c.obj)
                0x0000000000004320                z_impl_z_current_get
 .text.z_thread_abort
                0x000000000000432c       0xc0 zephyr/kernel/libkernel.a(sched.c.obj)
                0x000000000000432c                z_thread_abort
 .text.z_sched_wait
                0x00000000000043ec       0x24 zephyr/kernel/libkernel.a(sched.c.obj)
                0x00000000000043ec                z_sched_wait
 .text.z_data_copy
                0x0000000000004410       0x34 zephyr/kernel/libkernel.a(xip.c.obj)
                0x0000000000004410                z_data_copy
 .text.elapsed  0x0000000000004444       0x14 zephyr/kernel/libkernel.a(timeout.c.obj)
 .text.next_timeout
                0x0000000000004458       0x4c zephyr/kernel/libkernel.a(timeout.c.obj)
 .text.remove_timeout
                0x00000000000044a4       0x34 zephyr/kernel/libkernel.a(timeout.c.obj)
 .text.z_add_timeout
                0x00000000000044d8       0xf4 zephyr/kernel/libkernel.a(timeout.c.obj)
                0x00000000000044d8                z_add_timeout
 .text.sys_clock_announce
                0x00000000000045cc       0xb8 zephyr/kernel/libkernel.a(timeout.c.obj)
                0x00000000000045cc                sys_clock_announce
 .text.sys_clock_tick_get
                0x0000000000004684       0x34 zephyr/kernel/libkernel.a(timeout.c.obj)
                0x0000000000004684                sys_clock_tick_get
 .text.z_timer_expiration_handler
                0x00000000000046b8       0xd4 zephyr/kernel/libkernel.a(timer.c.obj)
                0x00000000000046b8                z_timer_expiration_handler
 .text.z_impl_k_timer_start
                0x000000000000478c       0xa4 zephyr/kernel/libkernel.a(timer.c.obj)
                0x000000000000478c                z_impl_k_timer_start
 .text.boot_banner
                0x0000000000004830       0x18 zephyr/kernel/libkernel.a(banner.c.obj)
                0x0000000000004830                boot_banner
 .text.k_sys_work_q_init
                0x0000000000004848       0x34 zephyr/kernel/libkernel.a(system_work_q.c.obj)
 .text.nrf_cc3xx_platform_init_no_rng
                0x000000000000487c       0x38 C:/ncs/v2.1.2/nrfxlib/crypto/nrf_cc310_platform/lib/cortex-m4/soft-float/no-interrupts/libnrf_cc310_platform_0.9.15.a(nrf_cc3xx_platform.c.obj)
                0x000000000000487c                nrf_cc3xx_platform_init_no_rng
 .text.nrf_cc3xx_platform_abort
                0x00000000000048b4       0x24 C:/ncs/v2.1.2/nrfxlib/crypto/nrf_cc310_platform/lib/cortex-m4/soft-float/no-interrupts/libnrf_cc310_platform_0.9.15.a(nrf_cc3xx_platform_abort.c.obj)
 .text.CC_PalAbort
                0x00000000000048d8       0x34 C:/ncs/v2.1.2/nrfxlib/crypto/nrf_cc310_platform/lib/cortex-m4/soft-float/no-interrupts/libnrf_cc310_platform_0.9.15.a(nrf_cc3xx_platform_abort.c.obj)
                0x00000000000048d8                CC_PalAbort
 .text.nrf_cc3xx_platform_set_abort
                0x000000000000490c       0x10 C:/ncs/v2.1.2/nrfxlib/crypto/nrf_cc310_platform/lib/cortex-m4/soft-float/no-interrupts/libnrf_cc310_platform_0.9.15.a(nrf_cc3xx_platform_abort.c.obj)
                0x000000000000490c                nrf_cc3xx_platform_set_abort
 .text.mutex_free
                0x000000000000491c       0x28 C:/ncs/v2.1.2/nrfxlib/crypto/nrf_cc310_platform/lib/cortex-m4/soft-float/no-interrupts/libnrf_cc310_platform_0.9.15.a(nrf_cc3xx_platform_mutex.c.obj)
 .text.mutex_lock
                0x0000000000004944       0x40 C:/ncs/v2.1.2/nrfxlib/crypto/nrf_cc310_platform/lib/cortex-m4/soft-float/no-interrupts/libnrf_cc310_platform_0.9.15.a(nrf_cc3xx_platform_mutex.c.obj)
 .text.mutex_unlock
                0x0000000000004984       0x2c C:/ncs/v2.1.2/nrfxlib/crypto/nrf_cc310_platform/lib/cortex-m4/soft-float/no-interrupts/libnrf_cc310_platform_0.9.15.a(nrf_cc3xx_platform_mutex.c.obj)
 .text.mutex_init
                0x00000000000049b0       0x1c C:/ncs/v2.1.2/nrfxlib/crypto/nrf_cc310_platform/lib/cortex-m4/soft-float/no-interrupts/libnrf_cc310_platform_0.9.15.a(nrf_cc3xx_platform_mutex.c.obj)
 .text.nrf_cc3xx_platform_set_mutexes
                0x00000000000049cc       0x60 C:/ncs/v2.1.2/nrfxlib/crypto/nrf_cc310_platform/lib/cortex-m4/soft-float/no-interrupts/libnrf_cc310_platform_0.9.15.a(nrf_cc3xx_platform_mutex.c.obj)
                0x00000000000049cc                nrf_cc3xx_platform_set_mutexes
 .text.CC_LibInitNoRng
                0x0000000000004a2c       0x64 C:/ncs/v2.1.2/nrfxlib/crypto/nrf_cc310_platform/lib/cortex-m4/soft-float/no-interrupts/libnrf_cc310_platform_0.9.15.a(cc_lib.c.obj)
                0x0000000000004a2c                CC_LibInitNoRng
 .text.CC_HalInit
                0x0000000000004a90        0x4 C:/ncs/v2.1.2/nrfxlib/crypto/nrf_cc310_platform/lib/cortex-m4/soft-float/no-interrupts/libnrf_cc310_platform_0.9.15.a(cc_hal.c.obj)
                0x0000000000004a90                CC_HalInit
 .text.CC_HalTerminate
                0x0000000000004a94        0x4 C:/ncs/v2.1.2/nrfxlib/crypto/nrf_cc310_platform/lib/cortex-m4/soft-float/no-interrupts/libnrf_cc310_platform_0.9.15.a(cc_hal.c.obj)
                0x0000000000004a94                CC_HalTerminate
 .text.CC_HalMaskInterrupt
                0x0000000000004a98        0xc C:/ncs/v2.1.2/nrfxlib/crypto/nrf_cc310_platform/lib/cortex-m4/soft-float/no-interrupts/libnrf_cc310_platform_0.9.15.a(cc_hal.c.obj)
                0x0000000000004a98                CC_HalMaskInterrupt
 .text.CC_PalInit
                0x0000000000004aa4       0x5c C:/ncs/v2.1.2/nrfxlib/crypto/nrf_cc310_platform/lib/cortex-m4/soft-float/no-interrupts/libnrf_cc310_platform_0.9.15.a(cc_pal.c.obj)
                0x0000000000004aa4                CC_PalInit
 .text.CC_PalTerminate
                0x0000000000004b00       0x34 C:/ncs/v2.1.2/nrfxlib/crypto/nrf_cc310_platform/lib/cortex-m4/soft-float/no-interrupts/libnrf_cc310_platform_0.9.15.a(cc_pal.c.obj)
                0x0000000000004b00                CC_PalTerminate
 .text.CC_PalDmaInit
                0x0000000000004b34        0x4 C:/ncs/v2.1.2/nrfxlib/crypto/nrf_cc310_platform/lib/cortex-m4/soft-float/no-interrupts/libnrf_cc310_platform_0.9.15.a(cc_pal_dma.c.obj)
                0x0000000000004b34                CC_PalDmaInit
 .text.CC_PalDmaTerminate
                0x0000000000004b38        0x4 C:/ncs/v2.1.2/nrfxlib/crypto/nrf_cc310_platform/lib/cortex-m4/soft-float/no-interrupts/libnrf_cc310_platform_0.9.15.a(cc_pal_dma.c.obj)
                0x0000000000004b38                CC_PalDmaTerminate
 .text.CC_PalMutexCreate
                0x0000000000004b3c       0x14 C:/ncs/v2.1.2/nrfxlib/crypto/nrf_cc310_platform/lib/cortex-m4/soft-float/no-interrupts/libnrf_cc310_platform_0.9.15.a(cc_pal_mutex.c.obj)
                0x0000000000004b3c                CC_PalMutexCreate
 .text.CC_PalMutexDestroy
                0x0000000000004b50       0x14 C:/ncs/v2.1.2/nrfxlib/crypto/nrf_cc310_platform/lib/cortex-m4/soft-float/no-interrupts/libnrf_cc310_platform_0.9.15.a(cc_pal_mutex.c.obj)
                0x0000000000004b50                CC_PalMutexDestroy
 .text.CC_PalPowerSaveModeInit
                0x0000000000004b64       0x3c C:/ncs/v2.1.2/nrfxlib/crypto/nrf_cc310_platform/lib/cortex-m4/soft-float/no-interrupts/libnrf_cc310_platform_0.9.15.a(cc_pal_pm.c.obj)
                0x0000000000004b64                CC_PalPowerSaveModeInit
 .text.CC_PalPowerSaveModeSelect
                0x0000000000004ba0       0x84 C:/ncs/v2.1.2/nrfxlib/crypto/nrf_cc310_platform/lib/cortex-m4/soft-float/no-interrupts/libnrf_cc310_platform_0.9.15.a(cc_pal_pm.c.obj)
                0x0000000000004ba0                CC_PalPowerSaveModeSelect
 .text.sys_notify_validate
                0x0000000000004c24       0x22 zephyr/libzephyr.a(notify.c.obj)
                0x0000000000004c24                sys_notify_validate
 .text.sys_notify_finalize
                0x0000000000004c46       0x1a zephyr/libzephyr.a(notify.c.obj)
                0x0000000000004c46                sys_notify_finalize
 .text.arch_printk_char_out
                0x0000000000004c60        0x4 zephyr/libzephyr.a(printk.c.obj)
                0x0000000000004c60                arch_printk_char_out
 .text.printk   0x0000000000004c64       0x1a zephyr/libzephyr.a(printk.c.obj)
                0x0000000000004c64                printk
 .text.process_recheck
                0x0000000000004c7e       0x38 zephyr/libzephyr.a(onoff.c.obj)
 .text.notify_one
                0x0000000000004cb6       0x2c zephyr/libzephyr.a(onoff.c.obj)
 .text.transition_complete
                0x0000000000004ce2       0x1c zephyr/libzephyr.a(onoff.c.obj)
 .text.validate_args
                0x0000000000004cfe       0x1e zephyr/libzephyr.a(onoff.c.obj)
 .text.onoff_manager_init
                0x0000000000004d1c       0x26 zephyr/libzephyr.a(onoff.c.obj)
                0x0000000000004d1c                onoff_manager_init
 .text.onoff_request
                0x0000000000004d42       0x92 zephyr/libzephyr.a(onoff.c.obj)
                0x0000000000004d42                onoff_request
 .text.onoff_release
                0x0000000000004dd4       0x4a zephyr/libzephyr.a(onoff.c.obj)
                0x0000000000004dd4                onoff_release
 .text.z_thread_entry
                0x0000000000004e1e       0x14 zephyr/libzephyr.a(thread_entry.c.obj)
                0x0000000000004e1e                z_thread_entry
 .text.encode_uint
                0x0000000000004e32       0x8c zephyr/libzephyr.a(cbprintf_complete.c.obj)
 .text.outs     0x0000000000004ebe       0x2c zephyr/libzephyr.a(cbprintf_complete.c.obj)
 .text._ConfigAbsSyms
                0x0000000000004eea        0x2 zephyr/libzephyr.a(configs.c.obj)
                0x0000000000004eea                _ConfigAbsSyms
 .text.abort_function
                0x0000000000004eec        0x8 zephyr/libzephyr.a(nrf_cc3xx_platform_abort_zephyr.c.obj)
 .text.z_arm_fatal_error
                0x0000000000004ef4        0x4 zephyr/arch/arch/arm/core/aarch32/libarch__arm__core__aarch32.a(fatal.c.obj)
                0x0000000000004ef4                z_arm_fatal_error
 .text.z_do_kernel_oops
                0x0000000000004ef8        0x8 zephyr/arch/arch/arm/core/aarch32/libarch__arm__core__aarch32.a(fatal.c.obj)
                0x0000000000004ef8                z_do_kernel_oops
 .text.z_irq_spurious
                0x0000000000004f00        0x8 zephyr/arch/arch/arm/core/aarch32/libarch__arm__core__aarch32.a(irq_manage.c.obj)
                0x0000000000004f00                z_irq_spurious
 .text.z_arm_nmi
                0x0000000000004f08        0xe zephyr/arch/arch/arm/core/aarch32/libarch__arm__core__aarch32.a(nmi.c.obj)
                0x0000000000004f08                z_arm_nmi
 .text.strcpy   0x0000000000004f16       0x14 zephyr/lib/libc/minimal/liblib__libc__minimal.a(string.c.obj)
                0x0000000000004f16                strcpy
 .text.strlen   0x0000000000004f2a        0xe zephyr/lib/libc/minimal/liblib__libc__minimal.a(string.c.obj)
                0x0000000000004f2a                strlen
 .text.strnlen  0x0000000000004f38       0x12 zephyr/lib/libc/minimal/liblib__libc__minimal.a(string.c.obj)
                0x0000000000004f38                strnlen
 .text.memcpy   0x0000000000004f4a       0x16 zephyr/lib/libc/minimal/liblib__libc__minimal.a(string.c.obj)
                0x0000000000004f4a                memcpy
 .text.memset   0x0000000000004f60       0x12 zephyr/lib/libc/minimal/liblib__libc__minimal.a(string.c.obj)
                0x0000000000004f60                memset
 .text._stdout_hook_default
                0x0000000000004f72        0x6 zephyr/lib/libc/minimal/liblib__libc__minimal.a(stdout_console.c.obj)
 .text.pm_state_set
                0x0000000000004f78       0x18 zephyr/soc/arm/nordic_nrf/nrf52/libsoc__arm__nordic_nrf__nrf52.a(power.c.obj)
                0x0000000000004f78                pm_state_set
 .text.pm_state_exit_post_ops
                0x0000000000004f90        0xc zephyr/soc/arm/nordic_nrf/nrf52/libsoc__arm__nordic_nrf__nrf52.a(power.c.obj)
                0x0000000000004f90                pm_state_exit_post_ops
 .text.get_status
                0x0000000000004f9c       0x12 zephyr/drivers/clock_control/libdrivers__clock_control.a(clock_control_nrf.c.obj)
 .text.set_on_state
                0x0000000000004fae       0x26 zephyr/drivers/clock_control/libdrivers__clock_control.a(clock_control_nrf.c.obj)
 .text.stop     0x0000000000004fd4       0x52 zephyr/drivers/clock_control/libdrivers__clock_control.a(clock_control_nrf.c.obj)
 .text.api_stop
                0x0000000000005026        0x6 zephyr/drivers/clock_control/libdrivers__clock_control.a(clock_control_nrf.c.obj)
 .text.async_start
                0x000000000000502c       0x62 zephyr/drivers/clock_control/libdrivers__clock_control.a(clock_control_nrf.c.obj)
 .text.api_start
                0x000000000000508e        0xe zephyr/drivers/clock_control/libdrivers__clock_control.a(clock_control_nrf.c.obj)
 .text.onoff_started_callback
                0x000000000000509c       0x12 zephyr/drivers/clock_control/libdrivers__clock_control.a(clock_control_nrf.c.obj)
 .text.lfclk_start
                0x00000000000050ae        0x6 zephyr/drivers/clock_control/libdrivers__clock_control.a(clock_control_nrf.c.obj)
 .text.blocking_start_callback
                0x00000000000050b4        0x6 zephyr/drivers/clock_control/libdrivers__clock_control.a(clock_control_nrf.c.obj)
 .text.lfclk_stop
                0x00000000000050ba       0x10 zephyr/drivers/clock_control/libdrivers__clock_control.a(clock_control_nrf.c.obj)
 .text.timeout_handler
                0x00000000000050ca        0x4 zephyr/drivers/clock_control/libdrivers__clock_control.a(nrf_clock_calibration.c.obj)
 .text.gpio_nrfx_port_get_raw
                0x00000000000050ce        0xe zephyr/drivers/gpio/libdrivers__gpio.a(gpio_nrfx.c.obj)
 .text.gpio_nrfx_port_set_masked_raw
                0x00000000000050dc       0x18 zephyr/drivers/gpio/libdrivers__gpio.a(gpio_nrfx.c.obj)
 .text.gpio_nrfx_port_set_bits_raw
                0x00000000000050f4        0xc zephyr/drivers/gpio/libdrivers__gpio.a(gpio_nrfx.c.obj)
 .text.gpio_nrfx_port_clear_bits_raw
                0x0000000000005100        0xc zephyr/drivers/gpio/libdrivers__gpio.a(gpio_nrfx.c.obj)
 .text.gpio_nrfx_port_toggle_bits
                0x000000000000510c       0x1a zephyr/drivers/gpio/libdrivers__gpio.a(gpio_nrfx.c.obj)
 .text.gpio_nrfx_manage_callback
                0x0000000000005126       0x54 zephyr/drivers/gpio/libdrivers__gpio.a(gpio_nrfx.c.obj)
 .text.uart_nrfx_config_get
                0x000000000000517a       0x10 zephyr/drivers/serial/libdrivers__serial.a(uart_nrfx_uart.c.obj)
 .text.sys_clock_idle_exit
                0x000000000000518a        0x2 zephyr/drivers/timer/libdrivers__timer.a(sys_clock_init.c.obj)
                0x000000000000518a                sys_clock_idle_exit
 .text.pinctrl_lookup_state
                0x000000000000518c       0x30 zephyr/drivers/pinctrl/libdrivers__pinctrl.a(common.c.obj)
                0x000000000000518c                pinctrl_lookup_state
 .text.nrf_gpio_pin_write
                0x00000000000051bc        0xa zephyr/drivers/pinctrl/libdrivers__pinctrl.a(pinctrl_nrf.c.obj)
 .text.pinctrl_configure_pins
                0x00000000000051c6      0x10c zephyr/drivers/pinctrl/libdrivers__pinctrl.a(pinctrl_nrf.c.obj)
                0x00000000000051c6                pinctrl_configure_pins
 .text.k_sys_fatal_error_handler
                0x00000000000052d2        0x8 modules/nrf/lib/fatal_error/lib..__nrf__lib__fatal_error.a(fatal_error.c.obj)
                0x00000000000052d2                k_sys_fatal_error_handler
 .text.hw_cc3xx_init_internal
                0x00000000000052da        0x4 modules/nrf/drivers/hw_cc310/lib..__nrf__drivers__hw_cc310.a(hw_cc310.c.obj)
 .text.hw_cc3xx_init
                0x00000000000052de       0x12 modules/nrf/drivers/hw_cc310/lib..__nrf__drivers__hw_cc310.a(hw_cc310.c.obj)
 .text.nrf52_errata_36
                0x00000000000052f0       0x12 modules/hal_nordic/nrfx/libmodules__hal_nordic__nrfx.a(system_nrf52840.c.obj)
 .text.nrfx_isr
                0x0000000000005302        0x2 modules/hal_nordic/nrfx/libmodules__hal_nordic__nrfx.a(nrfx_glue.c.obj)
                0x0000000000005302                nrfx_isr
 .text.nrfx_busy_wait
                0x0000000000005304        0x4 modules/hal_nordic/nrfx/libmodules__hal_nordic__nrfx.a(nrfx_glue.c.obj)
                0x0000000000005304                nrfx_busy_wait
 .text.nrfx_clock_enable
                0x0000000000005308       0x1a modules/hal_nordic/nrfx/libmodules__hal_nordic__nrfx.a(nrfx_clock.c.obj)
                0x0000000000005308                nrfx_clock_enable
 .text.nrfx_clock_start
                0x0000000000005322       0x70 modules/hal_nordic/nrfx/libmodules__hal_nordic__nrfx.a(nrfx_clock.c.obj)
                0x0000000000005322                nrfx_clock_start
 .text.nrfx_clock_stop
                0x0000000000005392        0x4 modules/hal_nordic/nrfx/libmodules__hal_nordic__nrfx.a(nrfx_clock.c.obj)
                0x0000000000005392                nrfx_clock_stop
 .text.nrf_gpio_reconfigure
                0x0000000000005396       0x8e modules/hal_nordic/nrfx/libmodules__hal_nordic__nrfx.a(nrfx_gpiote.c.obj)
 .text.nrf_gpio_cfg_sense_set
                0x0000000000005424       0x1e modules/hal_nordic/nrfx/libmodules__hal_nordic__nrfx.a(nrfx_gpiote.c.obj)
 .text._GetAvailWriteSpace
                0x0000000000005442       0x12 modules/segger/libmodules__segger.a(SEGGER_RTT.c.obj)
 .text._WriteNoCheck
                0x0000000000005454       0x3c modules/segger/libmodules__segger.a(SEGGER_RTT.c.obj)
 .text._WriteBlocking
                0x0000000000005490       0x58 modules/segger/libmodules__segger.a(SEGGER_RTT.c.obj)
 .text.SEGGER_RTT_Init
                0x00000000000054e8        0x4 modules/segger/libmodules__segger.a(SEGGER_RTT.c.obj)
                0x00000000000054e8                SEGGER_RTT_Init
 .text.rtt_init
                0x00000000000054ec        0xa modules/segger/libmodules__segger.a(SEGGER_RTT_zephyr.c.obj)
 .text.z_device_state_init
                0x00000000000054f6        0x2 zephyr/kernel/libkernel.a(device.c.obj)
                0x00000000000054f6                z_device_state_init
 .text.z_device_is_ready
                0x00000000000054f8       0x14 zephyr/kernel/libkernel.a(device.c.obj)
                0x00000000000054f8                z_device_is_ready
 .text.z_fatal_error
                0x000000000000550c       0x36 zephyr/kernel/libkernel.a(fatal.c.obj)
                0x000000000000550c                z_fatal_error
 .text.z_early_memset
                0x0000000000005542        0x4 zephyr/kernel/libkernel.a(init.c.obj)
                0x0000000000005542                z_early_memset
 .text.z_early_memcpy
                0x0000000000005546        0x4 zephyr/kernel/libkernel.a(init.c.obj)
                0x0000000000005546                z_early_memcpy
 .text.k_mem_slab_init
                0x000000000000554a       0x36 zephyr/kernel/libkernel.a(mem_slab.c.obj)
                0x000000000000554a                k_mem_slab_init
 .text.k_mem_slab_free
                0x0000000000005580       0x52 zephyr/kernel/libkernel.a(mem_slab.c.obj)
                0x0000000000005580                k_mem_slab_free
 .text.k_is_in_isr
                0x00000000000055d2        0xc zephyr/kernel/libkernel.a(thread.c.obj)
                0x00000000000055d2                k_is_in_isr
 .text.z_impl_k_thread_name_set
                0x00000000000055de        0x6 zephyr/kernel/libkernel.a(thread.c.obj)
                0x00000000000055de                z_impl_k_thread_name_set
 .text.z_impl_k_thread_start
                0x00000000000055e4        0x4 zephyr/kernel/libkernel.a(thread.c.obj)
                0x00000000000055e4                z_impl_k_thread_start
 .text.z_pm_save_idle_exit
                0x00000000000055e8        0xe zephyr/kernel/libkernel.a(idle.c.obj)
                0x00000000000055e8                z_pm_save_idle_exit
 .text.adjust_owner_prio.isra.0
                0x00000000000055f6       0x10 zephyr/kernel/libkernel.a(mutex.c.obj)
 .text.z_impl_k_mutex_init
                0x0000000000005606        0xe zephyr/kernel/libkernel.a(mutex.c.obj)
                0x0000000000005606                z_impl_k_mutex_init
 .text.z_impl_k_sem_init
                0x0000000000005614       0x18 zephyr/kernel/libkernel.a(sem.c.obj)
                0x0000000000005614                z_impl_k_sem_init
 .text.flag_test_and_clear
                0x000000000000562c       0x16 zephyr/kernel/libkernel.a(work.c.obj)
 .text.notify_queue_locked.isra.0
                0x0000000000005642        0xe zephyr/kernel/libkernel.a(work.c.obj)
 .text.z_work_submit_to_queue
                0x0000000000005650       0x28 zephyr/kernel/libkernel.a(work.c.obj)
                0x0000000000005650                z_work_submit_to_queue
 .text.k_work_submit_to_queue
                0x0000000000005678       0x22 zephyr/kernel/libkernel.a(work.c.obj)
                0x0000000000005678                k_work_submit_to_queue
 .text.sys_dlist_remove
                0x000000000000569a       0x10 zephyr/kernel/libkernel.a(sched.c.obj)
 .text.unpend_thread_no_timeout
                0x00000000000056aa       0x14 zephyr/kernel/libkernel.a(sched.c.obj)
 .text.z_unpend_thread_no_timeout
                0x00000000000056be       0x20 zephyr/kernel/libkernel.a(sched.c.obj)
                0x00000000000056be                z_unpend_thread_no_timeout
 .text.z_reschedule_irqlock
                0x00000000000056de       0x18 zephyr/kernel/libkernel.a(sched.c.obj)
                0x00000000000056de                z_reschedule_irqlock
 .text.z_reschedule_unlocked
                0x00000000000056f6       0x14 zephyr/kernel/libkernel.a(sched.c.obj)
 .text.z_priq_dumb_best
                0x000000000000570a        0xc zephyr/kernel/libkernel.a(sched.c.obj)
                0x000000000000570a                z_priq_dumb_best
 .text.z_ready_thread
                0x0000000000005716       0x20 zephyr/kernel/libkernel.a(sched.c.obj)
                0x0000000000005716                z_ready_thread
 .text.z_thread_timeout
                0x0000000000005736       0x44 zephyr/kernel/libkernel.a(sched.c.obj)
                0x0000000000005736                z_thread_timeout
 .text.add_to_waitq_locked
                0x000000000000577a       0x54 zephyr/kernel/libkernel.a(sched.c.obj)
 .text.z_unpend1_no_timeout
                0x00000000000057ce       0x2a zephyr/kernel/libkernel.a(sched.c.obj)
                0x00000000000057ce                z_unpend1_no_timeout
 .text.z_unpend_first_thread
                0x00000000000057f8       0x30 zephyr/kernel/libkernel.a(sched.c.obj)
                0x00000000000057f8                z_unpend_first_thread
 .text.z_sched_wake
                0x0000000000005828       0x3a zephyr/kernel/libkernel.a(sched.c.obj)
                0x0000000000005828                z_sched_wake
 .text.z_abort_timeout
                0x0000000000005862       0x2c zephyr/kernel/libkernel.a(timeout.c.obj)
                0x0000000000005862                z_abort_timeout
 .text.z_get_next_timeout_expiry
                0x000000000000588e       0x20 zephyr/kernel/libkernel.a(timeout.c.obj)
                0x000000000000588e                z_get_next_timeout_expiry
 .text.z_set_timeout_expiry
                0x00000000000058ae       0x34 zephyr/kernel/libkernel.a(timeout.c.obj)
                0x00000000000058ae                z_set_timeout_expiry
 .text.sys_clock_tick_get_32
                0x00000000000058e2        0x8 zephyr/kernel/libkernel.a(timeout.c.obj)
                0x00000000000058e2                sys_clock_tick_get_32
 .text.z_impl_k_uptime_ticks
                0x00000000000058ea        0x4 zephyr/kernel/libkernel.a(timeout.c.obj)
                0x00000000000058ea                z_impl_k_uptime_ticks
 .text.z_impl_k_busy_wait
                0x00000000000058ee        0x8 zephyr/kernel/libkernel.a(timeout.c.obj)
                0x00000000000058ee                z_impl_k_busy_wait
 .text.z_impl_k_timer_stop
                0x00000000000058f6       0x3a zephyr/kernel/libkernel.a(timer.c.obj)
                0x00000000000058f6                z_impl_k_timer_stop
 .text._OffsetAbsSyms
                0x0000000000005930        0x2 zephyr/CMakeFiles/offsets.dir/./arch/arm/core/offsets/offsets.c.obj
                0x0000000000005930                _OffsetAbsSyms
 *(SORT_BY_ALIGNMENT(.TEXT.*))
 *(SORT_BY_ALIGNMENT(.gnu.linkonce.t.*))
 *(SORT_BY_ALIGNMENT(.glue_7t))
 .glue_7t       0x0000000000005932        0x0 linker stubs
 *(SORT_BY_ALIGNMENT(.glue_7))
 .glue_7        0x0000000000005932        0x0 linker stubs
 *(SORT_BY_ALIGNMENT(.vfp11_veneer))
 .vfp11_veneer  0x0000000000005932        0x0 linker stubs
 *(SORT_BY_ALIGNMENT(.v4_bx))
 .v4_bx         0x0000000000005932        0x0 linker stubs
                0x0000000000005932                __text_region_end = .

.ARM.exidx      0x0000000000005934        0x8
                0x0000000000005934                __exidx_start = .
 *(SORT_BY_ALIGNMENT(.ARM.exidx*) SORT_BY_ALIGNMENT(gnu.linkonce.armexidx.*))
 .ARM.exidx     0x0000000000005934        0x8 c:/ncs/toolchains/v2.1.2/opt/zephyr-sdk/arm-zephyr-eabi/bin/../lib/gcc/arm-zephyr-eabi/10.3.0/thumb/v7e-m/nofp\libgcc.a(_udivmoddi4.o)
                0x000000000000593c                __exidx_end = .
                0x000000000000593c                __rodata_region_start = .

initlevel       0x000000000000593c       0x78
                0x000000000000593c                __init_start = .
                0x000000000000593c                __init_PRE_KERNEL_1_start = .
 *(SORT_BY_NAME(SORT_BY_ALIGNMENT(.z_init_PRE_KERNEL_1[0-9]_*)))
 .z_init_PRE_KERNEL_10_
                0x000000000000593c        0x8 zephyr/soc/arm/nordic_nrf/nrf52/libsoc__arm__nordic_nrf__nrf52.a(soc.c.obj)
 *(SORT_BY_NAME(SORT_BY_ALIGNMENT(.z_init_PRE_KERNEL_1[1-9][0-9]_*)))
 .z_init_PRE_KERNEL_130_
                0x0000000000005944        0x8 zephyr/drivers/clock_control/libdrivers__clock_control.a(clock_control_nrf.c.obj)
 .z_init_PRE_KERNEL_130_
                0x000000000000594c        0x8 modules/segger/libmodules__segger.a(SEGGER_RTT_zephyr.c.obj)
 .z_init_PRE_KERNEL_130_
                0x0000000000005954        0x8 zephyr/kernel/libkernel.a(mem_slab.c.obj)
 .z_init_PRE_KERNEL_140_
                0x000000000000595c       0x10 zephyr/drivers/gpio/libdrivers__gpio.a(gpio_nrfx.c.obj)
 .z_init_PRE_KERNEL_140_
                0x000000000000596c        0x8 modules/nrf/drivers/hw_cc310/lib..__nrf__drivers__hw_cc310.a(hw_cc310.c.obj)
 .z_init_PRE_KERNEL_155_
                0x0000000000005974        0x8 zephyr/drivers/serial/libdrivers__serial.a(uart_nrfx_uart.c.obj)
 .z_init_PRE_KERNEL_160_
                0x000000000000597c        0x8 zephyr/drivers/console/libdrivers__console.a(rtt_console.c.obj)
 .z_init_PRE_KERNEL_160_
                0x0000000000005984        0x8 zephyr/drivers/console/libdrivers__console.a(uart_console.c.obj)
                0x000000000000598c                __init_PRE_KERNEL_2_start = .
 *(SORT_BY_NAME(SORT_BY_ALIGNMENT(.z_init_PRE_KERNEL_2[0-9]_*)))
 .z_init_PRE_KERNEL_20_
                0x000000000000598c        0x8 zephyr/drivers/timer/libdrivers__timer.a(nrf_rtc_timer.c.obj)
 *(SORT_BY_NAME(SORT_BY_ALIGNMENT(.z_init_PRE_KERNEL_2[1-9][0-9]_*)))
                0x0000000000005994                __init_POST_KERNEL_start = .
 *(SORT_BY_NAME(SORT_BY_ALIGNMENT(.z_init_POST_KERNEL[0-9]_*)))
 *(SORT_BY_NAME(SORT_BY_ALIGNMENT(.z_init_POST_KERNEL[1-9][0-9]_*)))
 .z_init_POST_KERNEL40_
                0x0000000000005994        0x8 modules/nrf/drivers/hw_cc310/lib..__nrf__drivers__hw_cc310.a(hw_cc310.c.obj)
 .z_init_POST_KERNEL40_
                0x000000000000599c        0x8 zephyr/kernel/libkernel.a(system_work_q.c.obj)
 .z_init_POST_KERNEL90_
                0x00000000000059a4        0x8 zephyr/drivers/sensor/nrf5/libdrivers__sensor__nrf5.a(temp_nrf5.c.obj)
                0x00000000000059ac                __init_APPLICATION_start = .
 *(SORT_BY_NAME(SORT_BY_ALIGNMENT(.z_init_APPLICATION[0-9]_*)))
 .z_init_APPLICATION0_
                0x00000000000059ac        0x8 zephyr/drivers/clock_control/libdrivers__clock_control.a(nrf_clock_calibration.c.obj)
 *(SORT_BY_NAME(SORT_BY_ALIGNMENT(.z_init_APPLICATION[1-9][0-9]_*)))
                0x00000000000059b4                __init_SMP_start = .
 *(SORT_BY_NAME(SORT_BY_ALIGNMENT(.z_init_SMP[0-9]_*)))
 *(SORT_BY_NAME(SORT_BY_ALIGNMENT(.z_init_SMP[1-9][0-9]_*)))
                0x00000000000059b4                __init_end = .

devices         0x00000000000059b4       0x78
                0x00000000000059b4                __device_start = .
                0x00000000000059b4                __device_PRE_KERNEL_1_start = .
 *(SORT_BY_NAME(SORT_BY_ALIGNMENT(.z_device_PRE_KERNEL_1[0-9]_*)))
 *(SORT_BY_NAME(SORT_BY_ALIGNMENT(.z_device_PRE_KERNEL_1[1-9][0-9]_*)))
 .z_device_PRE_KERNEL_130_
                0x00000000000059b4       0x18 zephyr/drivers/clock_control/libdrivers__clock_control.a(clock_control_nrf.c.obj)
                0x00000000000059b4                __device_dts_ord_46
 .z_device_PRE_KERNEL_140_
                0x00000000000059cc       0x30 zephyr/drivers/gpio/libdrivers__gpio.a(gpio_nrfx.c.obj)
                0x00000000000059cc                __device_dts_ord_9
                0x00000000000059e4                __device_dts_ord_76
 .z_device_PRE_KERNEL_155_
                0x00000000000059fc       0x18 zephyr/drivers/serial/libdrivers__serial.a(uart_nrfx_uart.c.obj)
                0x00000000000059fc                __device_dts_ord_86
                0x0000000000005a14                __device_PRE_KERNEL_2_start = .
 *(SORT_BY_NAME(SORT_BY_ALIGNMENT(.z_device_PRE_KERNEL_2[0-9]_*)))
 *(SORT_BY_NAME(SORT_BY_ALIGNMENT(.z_device_PRE_KERNEL_2[1-9][0-9]_*)))
                0x0000000000005a14                __device_POST_KERNEL_start = .
 *(SORT_BY_NAME(SORT_BY_ALIGNMENT(.z_device_POST_KERNEL[0-9]_*)))
 *(SORT_BY_NAME(SORT_BY_ALIGNMENT(.z_device_POST_KERNEL[1-9][0-9]_*)))
 .z_device_POST_KERNEL90_
                0x0000000000005a14       0x18 zephyr/drivers/sensor/nrf5/libdrivers__sensor__nrf5.a(temp_nrf5.c.obj)
                0x0000000000005a14                __device_dts_ord_80
                0x0000000000005a2c                __device_APPLICATION_start = .
 *(SORT_BY_NAME(SORT_BY_ALIGNMENT(.z_device_APPLICATION[0-9]_*)))
 *(SORT_BY_NAME(SORT_BY_ALIGNMENT(.z_device_APPLICATION[1-9][0-9]_*)))
                0x0000000000005a2c                __device_SMP_start = .
 *(SORT_BY_NAME(SORT_BY_ALIGNMENT(.z_device_SMP[0-9]_*)))
 *(SORT_BY_NAME(SORT_BY_ALIGNMENT(.z_device_SMP[1-9][0-9]_*)))
                0x0000000000005a2c                __device_end = .

sw_isr_table    0x0000000000005a2c      0x180
                0x0000000000005a2c                . = ALIGN (0x4)
 *(SORT_BY_ALIGNMENT(.gnu.linkonce.sw_isr_table*))
 .gnu.linkonce.sw_isr_table
                0x0000000000005a2c      0x180 zephyr/CMakeFiles/zephyr_final.dir/isr_tables.c.obj
                0x0000000000005a2c                _sw_isr_table

initlevel_error
                0x000000000000593c        0x0
 *(SORT_BY_NAME(SORT_BY_ALIGNMENT(.z_init_[_A-Z0-9]*)))
                0x0000000000000001                ASSERT ((SIZEOF (initlevel_error) == 0x0), Undefined initialization levels used.)

app_shmem_regions
                0x0000000000005bac        0x0
                0x0000000000005bac                __app_shmem_regions_start = .
 *(SORT_BY_NAME(SORT_BY_ALIGNMENT(.app_regions.*)))
                0x0000000000005bac                __app_shmem_regions_end = .

k_p4wq_initparam_area
                0x0000000000005bac        0x0
                0x0000000000005bac                _k_p4wq_initparam_list_start = .
 *(SORT_BY_NAME(SORT_BY_ALIGNMENT(._k_p4wq_initparam.static.*)))
                0x0000000000005bac                _k_p4wq_initparam_list_end = .

device_handles  0x0000000000005bac       0x1e
                0x0000000000005bac                __device_handles_start = .
 *(SORT_BY_NAME(SORT_BY_ALIGNMENT(.__device_handles_pass2*)))
 .__device_handles_pass2
                0x0000000000005bac       0x1e zephyr/CMakeFiles/zephyr_final.dir/dev_handles.c.obj
                0x0000000000005bac                __devicehdl_DT_N_S_soc_S_temp_4000c000
                0x0000000000005bb2                __devicehdl_DT_N_S_soc_S_uart_40002000
                0x0000000000005bb8                __devicehdl_DT_N_S_soc_S_gpio_50000300
                0x0000000000005bbe                __devicehdl_DT_N_S_soc_S_gpio_50000000
                0x0000000000005bc4                __devicehdl_DT_N_S_soc_S_clock_40000000
                0x0000000000005bca                __device_handles_end = .

ztest           0x0000000000005bca        0x0
                0x0000000000005bca                _ztest_suite_node_list_start = .
 *(SORT_BY_NAME(SORT_BY_ALIGNMENT(._ztest_suite_node.static.*)))
                0x0000000000005bca                _ztest_suite_node_list_end = .
                0x0000000000005bca                _ztest_unit_test_list_start = .
 *(SORT_BY_NAME(SORT_BY_ALIGNMENT(._ztest_unit_test.static.*)))
                0x0000000000005bca                _ztest_unit_test_list_end = .
                0x0000000000005bca                _ztest_test_rule_list_start = .
 *(SORT_BY_NAME(SORT_BY_ALIGNMENT(._ztest_test_rule.static.*)))
                0x0000000000005bca                _ztest_test_rule_list_end = .

bt_l2cap_fixed_chan_area
                0x0000000000005bca        0x0
                0x0000000000005bca                _bt_l2cap_fixed_chan_list_start = .
 *(SORT_BY_NAME(SORT_BY_ALIGNMENT(._bt_l2cap_fixed_chan.static.*)))
                0x0000000000005bca                _bt_l2cap_fixed_chan_list_end = .

bt_gatt_service_static_area
                0x0000000000005bca        0x0
                0x0000000000005bca                _bt_gatt_service_static_list_start = .
 *(SORT_BY_NAME(SORT_BY_ALIGNMENT(._bt_gatt_service_static.static.*)))
                0x0000000000005bca                _bt_gatt_service_static_list_end = .

log_strings_sections
                0x0000000000005bca        0x0
                0x0000000000005bca                __log_strings_start = .
 *(SORT_BY_NAME(SORT_BY_ALIGNMENT(.log_strings*)))
                0x0000000000005bca                __log_strings_end = .

log_const_sections
                0x0000000000005bca        0x0
                0x0000000000005bca                __log_const_start = .
 *(SORT_BY_NAME(SORT_BY_ALIGNMENT(.log_const_*)))
                0x0000000000005bca                __log_const_end = .

log_backends_sections
                0x0000000000005bca        0x0
                0x0000000000005bca                __log_backends_start = .
 *(SORT_BY_ALIGNMENT(._log_backend.*))
                0x0000000000005bca                __log_backends_end = .

tracing_backend_area
                0x0000000000005bca        0x0
                0x0000000000005bca                _tracing_backend_list_start = .
 *(SORT_BY_NAME(SORT_BY_ALIGNMENT(._tracing_backend.static.*)))
                0x0000000000005bca                _tracing_backend_list_end = .

zephyr_dbg_info
 *(SORT_BY_ALIGNMENT(.dbg_thread_info))

symbol_to_keep  0x0000000000005bca        0x0
                0x0000000000005bca                __symbol_to_keep_start = .
 *(SORT_BY_NAME(SORT_BY_ALIGNMENT(.symbol_to_keep*)))
                0x0000000000005bca                __symbol_to_keep_end = .

shell_area      0x0000000000005bca        0x0
                0x0000000000005bca                _shell_list_start = .
 *(SORT_BY_NAME(SORT_BY_ALIGNMENT(._shell.static.*)))
                0x0000000000005bca                _shell_list_end = .

shell_root_cmds_sections
                0x0000000000005bca        0x0
                0x0000000000005bca                __shell_root_cmds_start = .
 *(SORT_BY_NAME(SORT_BY_ALIGNMENT(.shell_root_cmd_*)))
                0x0000000000005bca                __shell_root_cmds_end = .

shell_subcmds_sections
                0x0000000000005bca        0x0
                0x0000000000005bca                __shell_subcmds_start = .
 *(SORT_BY_NAME(SORT_BY_ALIGNMENT(.shell_subcmd_*)))
                0x0000000000005bca                __shell_subcmds_end = .

shell_dynamic_subcmds_sections
                0x0000000000005bca        0x0
                0x0000000000005bca                __shell_dynamic_subcmds_start = .
 *(SORT_BY_NAME(SORT_BY_ALIGNMENT(.shell_dynamic_subcmd_*)))
                0x0000000000005bca                __shell_dynamic_subcmds_end = .

font_entry_sections
                0x0000000000005bca        0x0
                0x0000000000005bca                __font_entry_start = .
 *(SORT_BY_NAME(SORT_BY_ALIGNMENT(._cfb_font.*)))
                0x0000000000005bca                __font_entry_end = .

rodata          0x0000000000005bd0      0x328
 *(SORT_BY_ALIGNMENT(.rodata))
 *(SORT_BY_ALIGNMENT(.rodata.*))
 .rodata.delay_machine_code.0
                0x0000000000005bd0        0x6 zephyr/soc/arm/nordic_nrf/nrf52/libsoc__arm__nordic_nrf__nrf52.a(soc.c.obj)
 *fill*         0x0000000000005bd6        0x2 
 .rodata.pmstates_DT_N_S_cpus_S_cpu_0
                0x0000000000005bd8        0x0 zephyr/libzephyr.a(state.c.obj)
 .rodata.apis   0x0000000000005bd8        0x8 zephyr/libzephyr.a(nrf_cc3xx_platform_abort_zephyr.c.obj)
 .rodata.mutex_apis
                0x0000000000005be0       0x10 zephyr/libzephyr.a(nrf_cc3xx_platform_mutex_zephyr.c.obj)
 .rodata.mutexes
                0x0000000000005bf0       0x14 zephyr/libzephyr.a(nrf_cc3xx_platform_mutex_zephyr.c.obj)
 .rodata.static_regions
                0x0000000000005c04        0xc zephyr/arch/arch/arm/core/aarch32/mpu/libarch__arm__core__aarch32__mpu.a(arm_core_mpu.c.obj)
 .rodata.mpu_config
                0x0000000000005c10        0x8 zephyr/soc/arm/common/cortex_m/libsoc__arm__common__cortex_m.a(arm_mpu_regions.c.obj)
                0x0000000000005c10                mpu_config
 .rodata.mpu_regions
                0x0000000000005c18       0x18 zephyr/soc/arm/common/cortex_m/libsoc__arm__common__cortex_m.a(arm_mpu_regions.c.obj)
 .rodata.clock_control_api
                0x0000000000005c30       0x1c zephyr/drivers/clock_control/libdrivers__clock_control.a(clock_control_nrf.c.obj)
 .rodata.config
                0x0000000000005c4c       0x10 zephyr/drivers/clock_control/libdrivers__clock_control.a(clock_control_nrf.c.obj)
 .rodata.transitions.0
                0x0000000000005c5c        0xc zephyr/drivers/clock_control/libdrivers__clock_control.a(clock_control_nrf.c.obj)
 .rodata.gpio_nrfx_drv_api_funcs
                0x0000000000005c68       0x24 zephyr/drivers/gpio/libdrivers__gpio.a(gpio_nrfx.c.obj)
 .rodata.gpio_nrfx_p0_cfg
                0x0000000000005c8c       0x10 zephyr/drivers/gpio/libdrivers__gpio.a(gpio_nrfx.c.obj)
 .rodata.gpio_nrfx_p1_cfg
                0x0000000000005c9c       0x10 zephyr/drivers/gpio/libdrivers__gpio.a(gpio_nrfx.c.obj)
 .rodata.temp_nrf5_driver_api
                0x0000000000005cac       0x14 zephyr/drivers/sensor/nrf5/libdrivers__sensor__nrf5.a(temp_nrf5.c.obj)
 .rodata.__pinctrl_dev_config__device_dts_ord_86
                0x0000000000005cc0        0xc zephyr/drivers/serial/libdrivers__serial.a(uart_nrfx_uart.c.obj)
 .rodata.__pinctrl_state_pins_0__device_dts_ord_86
                0x0000000000005ccc       0x10 zephyr/drivers/serial/libdrivers__serial.a(uart_nrfx_uart.c.obj)
 .rodata.__pinctrl_states__device_dts_ord_86
                0x0000000000005cdc        0x8 zephyr/drivers/serial/libdrivers__serial.a(uart_nrfx_uart.c.obj)
 .rodata.uart_nrfx_uart0_config
                0x0000000000005ce4        0x4 zephyr/drivers/serial/libdrivers__serial.a(uart_nrfx_uart.c.obj)
 .rodata.uart_nrfx_uart_driver_api
                0x0000000000005ce8       0x14 zephyr/drivers/serial/libdrivers__serial.a(uart_nrfx_uart.c.obj)
 .rodata.levels.0
                0x0000000000005cfc       0x14 zephyr/kernel/libkernel.a(device.c.obj)
 .rodata._k_neg_eagain
                0x0000000000005d10        0x4 zephyr/kernel/libkernel.a(errno.c.obj)
                0x0000000000005d10                _k_neg_eagain
 .rodata.CSWTCH.10
                0x0000000000005d14       0x1c C:/ncs/v2.1.2/nrfxlib/crypto/nrf_cc310_platform/lib/cortex-m4/soft-float/no-interrupts/libnrf_cc310_platform_0.9.15.a(nrf_cc3xx_platform.c.obj)
 .rodata.mutex_free.str1.4
                0x0000000000005d30       0x26 C:/ncs/v2.1.2/nrfxlib/crypto/nrf_cc310_platform/lib/cortex-m4/soft-float/no-interrupts/libnrf_cc310_platform_0.9.15.a(nrf_cc3xx_platform_mutex.c.obj)
 *fill*         0x0000000000005d56        0x2 
 .rodata.mutex_init.str1.4
                0x0000000000005d58       0x23 C:/ncs/v2.1.2/nrfxlib/crypto/nrf_cc310_platform/lib/cortex-m4/soft-float/no-interrupts/libnrf_cc310_platform_0.9.15.a(nrf_cc3xx_platform_mutex.c.obj)
 *fill*         0x0000000000005d7b        0x1 
 .rodata.CC_PalPowerSaveModeInit.str1.4
                0x0000000000005d7c       0x20 C:/ncs/v2.1.2/nrfxlib/crypto/nrf_cc310_platform/lib/cortex-m4/soft-float/no-interrupts/libnrf_cc310_platform_0.9.15.a(cc_pal_pm.c.obj)
 .rodata.main.str1.1
                0x0000000000005d9c       0x1d app/libapp.a(main.c.obj)
 .rodata.z_cbvprintf_impl.str1.1
                0x0000000000005db9        0x6 zephyr/libzephyr.a(cbprintf_complete.c.obj)
 .rodata.sys_reboot.str1.1
                0x0000000000005dbf       0x29 zephyr/libzephyr.a(reboot.c.obj)
 .rodata.mutex_free_platform.str1.1
                0x0000000000005de8       0x26 zephyr/libzephyr.a(nrf_cc3xx_platform_mutex_zephyr.c.obj)
 .rodata.mutex_init_platform.str1.1
                0x0000000000005e0e       0x2d zephyr/libzephyr.a(nrf_cc3xx_platform_mutex_zephyr.c.obj)
 .rodata.str1.1
                0x0000000000005e3b        0xf zephyr/soc/arm/common/cortex_m/libsoc__arm__common__cortex_m.a(arm_mpu_regions.c.obj)
 .rodata.str1.1
                0x0000000000005e4a        0xf zephyr/drivers/clock_control/libdrivers__clock_control.a(clock_control_nrf.c.obj)
 .rodata.str1.1
                0x0000000000005e59       0x1c zephyr/drivers/gpio/libdrivers__gpio.a(gpio_nrfx.c.obj)
 .rodata.str1.1
                0x0000000000005e75        0xe zephyr/drivers/sensor/nrf5/libdrivers__sensor__nrf5.a(temp_nrf5.c.obj)
 .rodata.str1.1
                0x0000000000005e83        0xe zephyr/drivers/serial/libdrivers__serial.a(uart_nrfx_uart.c.obj)
 .rodata.CSWTCH.14
                0x0000000000005e91        0x6 modules/hal_nordic/nrfx/libmodules__hal_nordic__nrfx.a(system_nrf52840.c.obj)
 .rodata.CSWTCH.5
                0x0000000000005e97        0x6 modules/hal_nordic/nrfx/libmodules__hal_nordic__nrfx.a(system_nrf52840.c.obj)
 .rodata._DoInit.str1.1
                0x0000000000005e9d       0x14 modules/segger/libmodules__segger.a(SEGGER_RTT.c.obj)
 .rodata.z_cstart.str1.1
                0x0000000000005eb1        0x5 zephyr/kernel/libkernel.a(init.c.obj)
 .rodata.boot_banner.str1.1
                0x0000000000005eb6       0x36 zephyr/kernel/libkernel.a(banner.c.obj)
                                         0x37 (size before relaxing)
 .rodata.k_sys_work_q_init.str1.1
                0x0000000000005eec        0x9 zephyr/kernel/libkernel.a(system_work_q.c.obj)
 *(SORT_BY_ALIGNMENT(.gnu.linkonce.r.*))
                0x0000000000005ef8                . = ALIGN (0x4)
 *fill*         0x0000000000005ef5        0x3 
                0x0000000000005ef8                __rodata_region_end = .
                0x0000000000005f00                . = ALIGN (_region_min_align)
                0x0000000000008000                . = ALIGN ((0x1 << ((__rodata_region_end - __rom_region_start) <= 0x4)?0x2:((__rodata_region_end - __rom_region_start) <= 0x8)?0x3:((__rodata_region_end - __rom_region_start) <= 0x10)?0x4:((__rodata_region_end - __rom_region_start) <= 0x20)?0x5:((__rodata_region_end - __rom_region_start) <= 0x40)?0x6:((__rodata_region_end - __rom_region_start) <= 0x80)?0x7:((__rodata_region_end - __rom_region_start) <= 0x100)?0x8:((__rodata_region_end - __rom_region_start) <= 0x200)?0x9:((__rodata_region_end - __rom_region_start) <= 0x400)?0xa:((__rodata_region_end - __rom_region_start) <= 0x800)?0xb:((__rodata_region_end - __rom_region_start) <= 0x1000)?0xc:((__rodata_region_end - __rom_region_start) <= 0x2000)?0xd:((__rodata_region_end - __rom_region_start) <= 0x4000)?0xe:((__rodata_region_end - __rom_region_start) <= 0x8000)?0xf:((__rodata_region_end - __rom_region_start) <= 0x10000)?0x10:((__rodata_region_end - __rom_region_start) <= 0x20000)?0x11:((__rodata_region_end - __rom_region_start) <= 0x40000)?0x12:((__rodata_region_end - __rom_region_start) <= 0x80000)?0x13:((__rodata_region_end - __rom_region_start) <= 0x100000)?0x14:((__rodata_region_end - __rom_region_start) <= 0x200000)?0x15:((__rodata_region_end - __rom_region_start) <= 0x400000)?0x16:((__rodata_region_end - __rom_region_start) <= 0x800000)?0x17:((__rodata_region_end - __rom_region_start) <= 0x1000000)?0x18:((__rodata_region_end - __rom_region_start) <= 0x2000000)?0x19:((__rodata_region_end - __rom_region_start) <= 0x4000000)?0x1a:((__rodata_region_end - __rom_region_start) <= 0x8000000)?0x1b:((__rodata_region_end - __rom_region_start) <= 0x10000000)?0x1c:((__rodata_region_end - __rom_region_start) <= 0x20000000)?0x1d:((__rodata_region_end - __rom_region_start) <= 0x40000000)?0x1e:((__rodata_region_end - __rom_region_start) <= 0x80000000)?0x1f:0x20))
                0x0000000000008000                __rom_region_end = .
                0x0000000020000000                . = 0x20000000
                0x0000000020000000                . = ALIGN (_region_min_align)
                0x0000000020000000                _image_ram_start = .

.ramfunc        0x0000000020000000        0x0 load address 0x0000000000005ef8
                0x0000000020000000                . = ALIGN (_region_min_align)
                0x0000000020000000                . = ALIGN ((0x1 << (__ramfunc_size <= 0x4)?0x2:(__ramfunc_size <= 0x8)?0x3:(__ramfunc_size <= 0x10)?0x4:(__ramfunc_size <= 0x20)?0x5:(__ramfunc_size <= 0x40)?0x6:(__ramfunc_size <= 0x80)?0x7:(__ramfunc_size <= 0x100)?0x8:(__ramfunc_size <= 0x200)?0x9:(__ramfunc_size <= 0x400)?0xa:(__ramfunc_size <= 0x800)?0xb:(__ramfunc_size <= 0x1000)?0xc:(__ramfunc_size <= 0x2000)?0xd:(__ramfunc_size <= 0x4000)?0xe:(__ramfunc_size <= 0x8000)?0xf:(__ramfunc_size <= 0x10000)?0x10:(__ramfunc_size <= 0x20000)?0x11:(__ramfunc_size <= 0x40000)?0x12:(__ramfunc_size <= 0x80000)?0x13:(__ramfunc_size <= 0x100000)?0x14:(__ramfunc_size <= 0x200000)?0x15:(__ramfunc_size <= 0x400000)?0x16:(__ramfunc_size <= 0x800000)?0x17:(__ramfunc_size <= 0x1000000)?0x18:(__ramfunc_size <= 0x2000000)?0x19:(__ramfunc_size <= 0x4000000)?0x1a:(__ramfunc_size <= 0x8000000)?0x1b:(__ramfunc_size <= 0x10000000)?0x1c:(__ramfunc_size <= 0x20000000)?0x1d:(__ramfunc_size <= 0x40000000)?0x1e:(__ramfunc_size <= 0x80000000)?0x1f:0x20))
                0x0000000020000000                __ramfunc_start = .
 *(SORT_BY_ALIGNMENT(.ramfunc))
 *(SORT_BY_ALIGNMENT(.ramfunc.*))
                0x0000000020000000                . = ALIGN (_region_min_align)
                0x0000000020000000                . = ALIGN ((0x1 << (__ramfunc_size <= 0x4)?0x2:(__ramfunc_size <= 0x8)?0x3:(__ramfunc_size <= 0x10)?0x4:(__ramfunc_size <= 0x20)?0x5:(__ramfunc_size <= 0x40)?0x6:(__ramfunc_size <= 0x80)?0x7:(__ramfunc_size <= 0x100)?0x8:(__ramfunc_size <= 0x200)?0x9:(__ramfunc_size <= 0x400)?0xa:(__ramfunc_size <= 0x800)?0xb:(__ramfunc_size <= 0x1000)?0xc:(__ramfunc_size <= 0x2000)?0xd:(__ramfunc_size <= 0x4000)?0xe:(__ramfunc_size <= 0x8000)?0xf:(__ramfunc_size <= 0x10000)?0x10:(__ramfunc_size <= 0x20000)?0x11:(__ramfunc_size <= 0x40000)?0x12:(__ramfunc_size <= 0x80000)?0x13:(__ramfunc_size <= 0x100000)?0x14:(__ramfunc_size <= 0x200000)?0x15:(__ramfunc_size <= 0x400000)?0x16:(__ramfunc_size <= 0x800000)?0x17:(__ramfunc_size <= 0x1000000)?0x18:(__ramfunc_size <= 0x2000000)?0x19:(__ramfunc_size <= 0x4000000)?0x1a:(__ramfunc_size <= 0x8000000)?0x1b:(__ramfunc_size <= 0x10000000)?0x1c:(__ramfunc_size <= 0x20000000)?0x1d:(__ramfunc_size <= 0x40000000)?0x1e:(__ramfunc_size <= 0x80000000)?0x1f:0x20))
                0x0000000020000000                __ramfunc_end = .
                0x0000000000000000                __ramfunc_size = (__ramfunc_end - __ramfunc_start)
                0x0000000000005ef8                __ramfunc_load_start = LOADADDR (.ramfunc)

datas           0x0000000020000000      0x12c load address 0x0000000000005ef8
                0x0000000020000000                __data_region_start = .
                0x0000000020000000                __data_start = .
 *(SORT_BY_ALIGNMENT(.data))
 *(SORT_BY_ALIGNMENT(.data.*))
 .data._char_out
                0x0000000020000000        0x4 zephyr/libzephyr.a(printk.c.obj)
                0x0000000020000000                _char_out
 .data.max_latency_ticks
                0x0000000020000004        0x4 zephyr/libzephyr.a(policy.c.obj)
 .data.asym_mutex
                0x0000000020000008        0x8 zephyr/libzephyr.a(nrf_cc3xx_platform_mutex_zephyr.c.obj)
 .data.power_mutex
                0x0000000020000010        0x8 zephyr/libzephyr.a(nrf_cc3xx_platform_mutex_zephyr.c.obj)
 .data.rng_mutex
                0x0000000020000018        0x8 zephyr/libzephyr.a(nrf_cc3xx_platform_mutex_zephyr.c.obj)
 .data.sym_mutex
                0x0000000020000020        0x8 zephyr/libzephyr.a(nrf_cc3xx_platform_mutex_zephyr.c.obj)
 .data._stdout_hook
                0x0000000020000028        0x4 zephyr/lib/libc/minimal/liblib__libc__minimal.a(stdout_console.c.obj)
 .data.temp_measure_work
                0x000000002000002c       0x10 zephyr/drivers/clock_control/libdrivers__clock_control.a(nrf_clock_calibration.c.obj)
 .data.uart_nrfx_uart0_data
                0x000000002000003c        0x8 zephyr/drivers/serial/libdrivers__serial.a(uart_nrfx_uart.c.obj)
 .data.SystemCoreClock
                0x0000000020000044        0x4 modules/hal_nordic/nrfx/libmodules__hal_nordic__nrfx.a(system_nrf52840.c.obj)
                0x0000000020000044                SystemCoreClock
 .data.m_cb     0x0000000020000048       0x7c modules/hal_nordic/nrfx/libmodules__hal_nordic__nrfx.a(nrfx_gpiote.c.obj)
 .data.timeout_list
                0x00000000200000c4        0x8 zephyr/kernel/libkernel.a(timeout.c.obj)
 .data.platform_abort_apis
                0x00000000200000cc        0x8 C:/ncs/v2.1.2/nrfxlib/crypto/nrf_cc310_platform/lib/cortex-m4/soft-float/no-interrupts/libnrf_cc310_platform_0.9.15.a(nrf_cc3xx_platform_abort.c.obj)
                0x00000000200000cc                platform_abort_apis
 .data.asym_mutex
                0x00000000200000d4        0x8 C:/ncs/v2.1.2/nrfxlib/crypto/nrf_cc310_platform/lib/cortex-m4/soft-float/no-interrupts/libnrf_cc310_platform_0.9.15.a(nrf_cc3xx_platform_mutex.c.obj)
 .data.platform_mutex_apis
                0x00000000200000dc       0x10 C:/ncs/v2.1.2/nrfxlib/crypto/nrf_cc310_platform/lib/cortex-m4/soft-float/no-interrupts/libnrf_cc310_platform_0.9.15.a(nrf_cc3xx_platform_mutex.c.obj)
                0x00000000200000dc                platform_mutex_apis
 .data.platform_mutexes
                0x00000000200000ec       0x14 C:/ncs/v2.1.2/nrfxlib/crypto/nrf_cc310_platform/lib/cortex-m4/soft-float/no-interrupts/libnrf_cc310_platform_0.9.15.a(nrf_cc3xx_platform_mutex.c.obj)
                0x00000000200000ec                platform_mutexes
 .data.power_mutex
                0x0000000020000100        0x8 C:/ncs/v2.1.2/nrfxlib/crypto/nrf_cc310_platform/lib/cortex-m4/soft-float/no-interrupts/libnrf_cc310_platform_0.9.15.a(nrf_cc3xx_platform_mutex.c.obj)
 .data.rng_mutex
                0x0000000020000108        0x8 C:/ncs/v2.1.2/nrfxlib/crypto/nrf_cc310_platform/lib/cortex-m4/soft-float/no-interrupts/libnrf_cc310_platform_0.9.15.a(nrf_cc3xx_platform_mutex.c.obj)
 .data.sym_mutex
                0x0000000020000110        0x8 C:/ncs/v2.1.2/nrfxlib/crypto/nrf_cc310_platform/lib/cortex-m4/soft-float/no-interrupts/libnrf_cc310_platform_0.9.15.a(nrf_cc3xx_platform_mutex.c.obj)
 .data.CCAsymCryptoMutex
                0x0000000020000118        0x4 C:/ncs/v2.1.2/nrfxlib/crypto/nrf_cc310_platform/lib/cortex-m4/soft-float/no-interrupts/libnrf_cc310_platform_0.9.15.a(cc_pal.c.obj)
                0x0000000020000118                CCAsymCryptoMutex
 .data.CCPowerMutex
                0x000000002000011c        0x4 C:/ncs/v2.1.2/nrfxlib/crypto/nrf_cc310_platform/lib/cortex-m4/soft-float/no-interrupts/libnrf_cc310_platform_0.9.15.a(cc_pal.c.obj)
                0x000000002000011c                CCPowerMutex
 .data.CCRndCryptoMutex
                0x0000000020000120        0x4 C:/ncs/v2.1.2/nrfxlib/crypto/nrf_cc310_platform/lib/cortex-m4/soft-float/no-interrupts/libnrf_cc310_platform_0.9.15.a(cc_pal.c.obj)
                0x0000000020000120                CCRndCryptoMutex
 .data.CCSymCryptoMutex
                0x0000000020000124        0x4 C:/ncs/v2.1.2/nrfxlib/crypto/nrf_cc310_platform/lib/cortex-m4/soft-float/no-interrupts/libnrf_cc310_platform_0.9.15.a(cc_pal.c.obj)
                0x0000000020000124                CCSymCryptoMutex
 .data.pCCRndCryptoMutex
                0x0000000020000128        0x4 C:/ncs/v2.1.2/nrfxlib/crypto/nrf_cc310_platform/lib/cortex-m4/soft-float/no-interrupts/libnrf_cc310_platform_0.9.15.a(cc_pal.c.obj)
                0x0000000020000128                pCCRndCryptoMutex
 *(SORT_BY_ALIGNMENT(.kernel.*))
                0x000000002000012c                __data_end = .
                0x000000000000012c                __data_size = (__data_end - __data_start)
                0x0000000000005ef8                __data_load_start = LOADADDR (datas)
                0x0000000000005ef8                __data_region_load_start = LOADADDR (datas)

device_states   0x000000002000012c       0x14 load address 0x0000000000006024
                0x000000002000012c                __device_states_start = .
 *(SORT_BY_ALIGNMENT(.z_devstate))
 .z_devstate    0x000000002000012c        0x4 zephyr/drivers/clock_control/libdrivers__clock_control.a(clock_control_nrf.c.obj)
 .z_devstate    0x0000000020000130        0x8 zephyr/drivers/gpio/libdrivers__gpio.a(gpio_nrfx.c.obj)
 .z_devstate    0x0000000020000138        0x4 zephyr/drivers/sensor/nrf5/libdrivers__sensor__nrf5.a(temp_nrf5.c.obj)
 .z_devstate    0x000000002000013c        0x4 zephyr/drivers/serial/libdrivers__serial.a(uart_nrfx_uart.c.obj)
 *(SORT_BY_ALIGNMENT(.z_devstate.*))
                0x0000000020000140                __device_states_end = .

initshell       0x0000000020000140        0x0 load address 0x0000000000006038
                0x0000000020000140                __shell_module_start = .
 *(SORT_BY_ALIGNMENT(.shell_module_*))
                0x0000000020000140                __shell_module_end = .
                0x0000000020000140                __shell_cmd_start = .
 *(SORT_BY_ALIGNMENT(.shell_cmd_*))
                0x0000000020000140                __shell_cmd_end = .

log_dynamic_sections
                0x0000000020000140        0x0 load address 0x0000000000006038
                0x0000000020000140                __log_dynamic_start = .
 *(SORT_BY_NAME(SORT_BY_ALIGNMENT(.log_dynamic_*)))
                0x0000000020000140                __log_dynamic_end = .

_static_thread_data_area
                0x0000000020000140        0x0 load address 0x0000000000006038
                0x0000000020000140                __static_thread_data_list_start = .
 *(SORT_BY_NAME(SORT_BY_ALIGNMENT(.__static_thread_data.static.*)))
                0x0000000020000140                __static_thread_data_list_end = .

k_timer_area    0x0000000020000140       0x38 load address 0x0000000000006038
                0x0000000020000140                _k_timer_list_start = .
 *(SORT_BY_NAME(SORT_BY_ALIGNMENT(._k_timer.static.*)))
 ._k_timer.static.backoff_timer
                0x0000000020000140       0x38 zephyr/drivers/clock_control/libdrivers__clock_control.a(nrf_clock_calibration.c.obj)
                0x0000000020000178                _k_timer_list_end = .

k_mem_slab_area
                0x0000000020000178        0x0 load address 0x0000000000006070
                0x0000000020000178                _k_mem_slab_list_start = .
 *(SORT_BY_NAME(SORT_BY_ALIGNMENT(._k_mem_slab.static.*)))
                0x0000000020000178                _k_mem_slab_list_end = .

k_mem_pool_area
                0x0000000020000178        0x0 load address 0x0000000000006070
                0x0000000020000178                _k_mem_pool_list_start = .
 *(SORT_BY_NAME(SORT_BY_ALIGNMENT(._k_mem_pool.static.*)))
                0x0000000020000178                _k_mem_pool_list_end = .

k_heap_area     0x0000000020000178        0x0 load address 0x0000000000006070
                0x0000000020000178                _k_heap_list_start = .
 *(SORT_BY_NAME(SORT_BY_ALIGNMENT(._k_heap.static.*)))
                0x0000000020000178                _k_heap_list_end = .

k_mutex_area    0x0000000020000178       0x50 load address 0x0000000000006070
                0x0000000020000178                _k_mutex_list_start = .
 *(SORT_BY_NAME(SORT_BY_ALIGNMENT(._k_mutex.static.*)))
 ._k_mutex.static.asym_mutex_int
                0x0000000020000178       0x14 zephyr/libzephyr.a(nrf_cc3xx_platform_mutex_zephyr.c.obj)
                0x0000000020000178                asym_mutex_int
 ._k_mutex.static.power_mutex_int
                0x000000002000018c       0x14 zephyr/libzephyr.a(nrf_cc3xx_platform_mutex_zephyr.c.obj)
                0x000000002000018c                power_mutex_int
 ._k_mutex.static.rng_mutex_int
                0x00000000200001a0       0x14 zephyr/libzephyr.a(nrf_cc3xx_platform_mutex_zephyr.c.obj)
                0x00000000200001a0                rng_mutex_int
 ._k_mutex.static.sym_mutex_int
                0x00000000200001b4       0x14 zephyr/libzephyr.a(nrf_cc3xx_platform_mutex_zephyr.c.obj)
                0x00000000200001b4                sym_mutex_int
                0x00000000200001c8                _k_mutex_list_end = .

k_stack_area    0x00000000200001c8        0x0 load address 0x00000000000060c0
                0x00000000200001c8                _k_stack_list_start = .
 *(SORT_BY_NAME(SORT_BY_ALIGNMENT(._k_stack.static.*)))
                0x00000000200001c8                _k_stack_list_end = .

k_msgq_area     0x00000000200001c8        0x0 load address 0x00000000000060c0
                0x00000000200001c8                _k_msgq_list_start = .
 *(SORT_BY_NAME(SORT_BY_ALIGNMENT(._k_msgq.static.*)))
                0x00000000200001c8                _k_msgq_list_end = .

k_mbox_area     0x00000000200001c8        0x0 load address 0x00000000000060c0
                0x00000000200001c8                _k_mbox_list_start = .
 *(SORT_BY_NAME(SORT_BY_ALIGNMENT(._k_mbox.static.*)))
                0x00000000200001c8                _k_mbox_list_end = .

k_pipe_area     0x00000000200001c8        0x0 load address 0x00000000000060c0
                0x00000000200001c8                _k_pipe_list_start = .
 *(SORT_BY_NAME(SORT_BY_ALIGNMENT(._k_pipe.static.*)))
                0x00000000200001c8                _k_pipe_list_end = .

k_sem_area      0x00000000200001c8        0x0 load address 0x00000000000060c0
                0x00000000200001c8                _k_sem_list_start = .
 *(SORT_BY_NAME(SORT_BY_ALIGNMENT(._k_sem.static.*)))
                0x00000000200001c8                _k_sem_list_end = .

k_event_area    0x00000000200001c8        0x0 load address 0x00000000000060c0
                0x00000000200001c8                _k_event_list_start = .
 *(SORT_BY_NAME(SORT_BY_ALIGNMENT(._k_event.static.*)))
                0x00000000200001c8                _k_event_list_end = .

k_queue_area    0x00000000200001c8        0x0 load address 0x00000000000060c0
                0x00000000200001c8                _k_queue_list_start = .
 *(SORT_BY_NAME(SORT_BY_ALIGNMENT(._k_queue.static.*)))
                0x00000000200001c8                _k_queue_list_end = .

k_condvar_area  0x00000000200001c8        0x0 load address 0x00000000000060c0
                0x00000000200001c8                _k_condvar_list_start = .
 *(SORT_BY_NAME(SORT_BY_ALIGNMENT(._k_condvar.static.*)))
                0x00000000200001c8                _k_condvar_list_end = .

_net_buf_pool_area